--------- beginning of main
04-10 03:31:09.848  7877  9544 D EadLuxController: calculateAmbientLux(88381797, 10000)
04-10 03:31:09.848  7877  9544 D EadLuxController: calculateAmbientLux(88381797, 2000)
04-10 03:31:09.848  7877  9544 D EadLuxController: calculateAmbientLux(88381797, 2000)
04-10 03:31:09.848  7877  9544 D EadLuxController: slowAmbientLux: 1.0 fastAmbientLux: 1.0 mAmbientBrighteningThreshold: 10.0 mAmbientDarkeningThreshold: -1.0 nextBrightenTransition: 88383797 nextDarkenTransition: 88383797 time: 88381797
04-10 03:31:09.848  7877  9544 D EadLuxController: updateAmbientLux: Scheduling ambient lux update for 8838379788383797 (in 2000 ms)
--------- beginning of system
04-10 03:31:09.959  3027  3194 D PowerManagerService: displayReady: false groupId=0
04-10 03:31:09.960  3027  3194 D DisplayPowerController[0]: animateScreenStateChange: target=ON, mIsEnabled=true
04-10 03:31:09.960  3027  3194 D PowerManagerService: displayReady: true groupId=0
04-10 03:31:10.008  2121 31726 I sensors-hal: handle_sns_std_sensor_event:90, light_cct: ts = 193235487477756 ns; value = [1, 1, 17, 19, 0, 149, 0, 0, 352, 0]
04-10 03:31:10.008  7877  9544 D EadLuxController: mAmbientLightRingBuffer.push(88381957, 1.0)
04-10 03:31:10.008  7877  9544 D EadLuxController: mAmbientLightRingBuffer.toString() - [1.0 / 80ms, 1.0 / 160ms, 1.0 / 160ms, 1.0 / 160ms, 1.0 / 160ms, 1.0 / 160ms, 1.0 / 160ms, 1.0 / 160ms, 1.0 / 160ms, 1.0 / 160ms, 1.0 / 160ms, 1.0 / 160ms, 1.0 / 160ms, 1.0 / 160ms, 1.0 / 160ms, 1.0 / 160ms, 1.0 / 160ms, 1.0 / 160ms, 1.0 / 161ms, 1.0 / 159ms, 1.0 / 160ms, 1.0 / 160ms, 1.0 / 160ms, 1.0 / 160ms, 1.0 / 160ms, 1.0 / 160ms, 1.0 / 160ms, 1.0 / 160ms, 1.0 / 160ms, 1.0 / 160ms, 1.0 / 160ms, 1.0 / 160ms, 1.0 / 160ms, 1.0 / 160ms, 1.0 / 160ms, 1.0 / 160ms, 1.0 / 160ms, 1.0 / 160ms, 1.0 / 160ms, 1.0 / 160ms, 1.0 / 160ms, 1.0 / 160ms, 1.0 / 160ms, 1.0 / 160ms, 1.0 / 160ms, 1.0 / 160ms, 1.0 / 160ms, 1.0 / 160ms, 1.0 / 160ms, 1.0 / 160ms, 1.0 / 160ms, 1.0 / 160ms, 1.0 / 160ms, 1.0 / 161ms, 1.0 / 160ms, 1.0 / 159ms, 1.0 / 160ms, 1.0 / 160ms, 1.0 / 160ms, 1.0 / 160ms, 1.0 / 160ms, 1.0 / 160ms, 1.0 / 160ms, 1.0 / 0ms]
04-10 03:31:10.008  7877  9544 D EadLuxController: mAmbientLuxValid: true
04-10 03:31:10.008  7877  9544 D EadLuxController: calculateAmbientLux(88381957, 10000)
04-10 03:31:10.008  7877  9544 D EadLuxController: calculateAmbientLux(88381957, 10000)
04-10 03:31:10.008  7877  9544 D EadLuxController: calculateAmbientLux(88381957, 2000)
04-10 03:31:10.008  7877  9544 D EadLuxController: calculateAmbientLux(88381957, 2000)
04-10 03:31:10.008  7877  9544 D EadLuxController: slowAmbientLux: 1.0 fastAmbientLux: 1.0 mAmbientBrighteningThreshold: 10.0 mAmbientDarkeningThreshold: -1.0 nextBrightenTransition: 88383957 nextDarkenTransition: 88383957 time: 88381957
04-10 03:31:10.008  7877  9544 D EadLuxController: updateAmbientLux: Scheduling ambient lux update for 8838395788383957 (in 2000 ms)
04-10 03:31:10.027 10309 10420 V SOH_SERVICE: Battery 0 : BattData { voltage:4.076, current:0.446093, soc:0.74, temperature:35.9, status:2, timestamp:1775809870024}
04-10 03:31:10.081  2186  2274 E HeatmapThread: ECT Thread time in milliseconds: 1775809870
04-10 03:31:10.083  2186  2274 D HeatmapThread: !@ batteryplugType : 2
04-10 03:31:10.083  2186  2274 D HeatmapThread: !@ batteryLevel : 74  batteryTemperature : 359 
04-10 03:31:10.083  2186  2274 D HeatmapThread: !@ Heatmap currtime: 29596831
04-10 03:31:10.083  2186  2274 D HeatmapThread: !@ Heatmap prevtime: 29596804
04-10 03:31:10.083  2186  2274 D HeatmapThread: !@ Heatmap plugstarttime: 29596824
04-10 03:31:10.083  2186  2274 D HeatmapThread: !@ Heatmap prevv_dsoh_update_time: 29596399
04-10 03:31:10.084  2186  2274 E HeatmapThread: !@ CAM New BSOH: 100
04-10 03:31:10.160  3027  3194 D PowerManagerService: displayReady: false groupId=0
04-10 03:31:10.160  3027  3194 D DisplayPowerController[0]: animateScreenStateChange: target=ON, mIsEnabled=true
04-10 03:31:10.160  3027  3194 D PowerManagerService: displayReady: true groupId=0
04-10 03:31:10.169  7877  9544 D EadLuxController: mAmbientLightRingBuffer.push(88382117, 1.0)
04-10 03:31:10.169  7877  9544 D EadLuxController: mAmbientLightRingBuffer.toString() - [1.0 / 80ms, 1.0 / 160ms, 1.0 / 160ms, 1.0 / 160ms, 1.0 / 160ms, 1.0 / 160ms, 1.0 / 160ms, 1.0 / 160ms, 1.0 / 160ms, 1.0 / 160ms, 1.0 / 160ms, 1.0 / 160ms, 1.0 / 160ms, 1.0 / 160ms, 1.0 / 160ms, 1.0 / 160ms, 1.0 / 160ms, 1.0 / 161ms, 1.0 / 159ms, 1.0 / 160ms, 1.0 / 160ms, 1.0 / 160ms, 1.0 / 160ms, 1.0 / 160ms, 1.0 / 160ms, 1.0 / 160ms, 1.0 / 160ms, 1.0 / 160ms, 1.0 / 160ms, 1.0 / 160ms, 1.0 / 160ms, 1.0 / 160ms, 1.0 / 160ms, 1.0 / 160ms, 1.0 / 160ms, 1.0 / 160ms, 1.0 / 160ms, 1.0 / 160ms, 1.0 / 160ms, 1.0 / 160ms, 1.0 / 160ms, 1.0 / 160ms, 1.0 / 160ms, 1.0 / 160ms, 1.0 / 160ms, 1.0 / 160ms, 1.0 / 160ms, 1.0 / 160ms, 1.0 / 160ms, 1.0 / 160ms, 1.0 / 160ms, 1.0 / 160ms, 1.0 / 161ms, 1.0 / 160ms, 1.0 / 159ms, 1.0 / 160ms, 1.0 / 160ms, 1.0 / 160ms, 1.0 / 160ms, 1.0 / 160ms, 1.0 / 160ms, 1.0 / 160ms, 1.0 / 160ms, 1.0 / 1ms]
04-10 03:31:10.169  7877  9544 D EadLuxController: mAmbientLuxValid: true
04-10 03:31:10.169  7877  9544 D EadLuxController: calculateAmbientLux(88382117, 10000)
04-10 03:31:10.169  7877  9544 D EadLuxController: calculateAmbientLux(88382117, 10000)
04-10 03:31:10.169  7877  9544 D EadLuxController: calculateAmbientLux(88382117, 2000)
04-10 03:31:10.169  7877  9544 D EadLuxController: calculateAmbientLux(88382117, 2000)
04-10 03:31:10.169  7877  9544 D EadLuxController: slowAmbientLux: 1.0 fastAmbientLux: 1.0 mAmbientBrighteningThreshold: 10.0 mAmbientDarkeningThreshold: -1.0 nextBrightenTransition: 88384117 nextDarkenTransition: 88384117 time: 88382117
04-10 03:31:10.169  7877  9544 D EadLuxController: updateAmbientLux: Scheduling ambient lux update for 8838411788384117 (in 1999 ms)
04-10 03:31:10.279  3027  4354 E WifiStaIfaceAidlImpl: getCachedScanData failed with service-specific exception: android.os.ServiceSpecificException:  (code 4)
04-10 03:31:10.282  3027  6913 D SemWifiUsabilityStatsMonitor: onWifiUsabilityStats - seqNum 13008, isSameBssidAndFreq true
04-10 03:31:10.284  3027  4458 I SemWifiLinkQualityMonitor: Link stat: 1671 / 7 / 1.24 (51) / 1200 / -59.0 || 100.0 : 1200.00 / 0.5 : 0.80 / 0.55 : 0.00 / G (G) || 0645699a6135: 0.079 / 101.305 / N || N N / 0 0 / N 2.0 / N X 0 / 88382231 0 || 2026-04-10 03:31:09  / 0: 0 0 0 0 0 0 / 0: 0 0 0 0 0 0 / 0: 0 0 0 0 0 0
04-10 03:31:10.285  3027  4459 D InsDataManager: onOutageCountUpdate() - Outage Data: 0, LQ : N. Outage Triggered: false
04-10 03:31:10.285  3027  4459 D SemInsManager: {"bssid": "0645699a6135","rssi": -59.0,"latency": 0.07896955128205127,"outage_count": 0,"lq_callback_triggered": false,"outage_log": "Link stat: 1671 / 7 / 1.24 (51) / 1200 / -59.0 || 100.0 : 1200.00 / 0.5 : 0.80 / 0.55 : 0.00 / G (G) || 0645699a6135: 0.079 / 101.305 / N || N N / 0 0 / N 2.0 / N X 0 / 88382231 0 || 2026-04-10 03:31:09  / 0: 0 0 0 0 0 0 / 0: 0 0 0 0 0 0 / 0: 0 0 0 0 0 0""Magnetic Sensor Events size": "0""Pressure Sensor Events size": "0"}
04-10 03:31:10.286  3027  4476 D SGM:GameManager: identifyGamePackage. com.sovereignbridge, mCurrentUserId: 0, callingMethodInfo: com.samsung.android.game.SemGameManager.isGamePackage(SemGameManager.java:106)
04-10 03:31:10.287  3027  4476 D SGM:SemGameManager: isGamePackage(), pkgName=com.sovereignbridge, ret=false
04-10 03:31:10.328  7877  9544 D EadLuxController: mAmbientLightRingBuffer.push(88382277, 1.0)
04-10 03:31:10.329  7877  9544 D EadLuxController: mAmbientLightRingBuffer.toString() - [1.0 / 80ms, 1.0 / 160ms, 1.0 / 160ms, 1.0 / 160ms, 1.0 / 160ms, 1.0 / 160ms, 1.0 / 160ms, 1.0 / 160ms, 1.0 / 160ms, 1.0 / 160ms, 1.0 / 160ms, 1.0 / 160ms, 1.0 / 160ms, 1.0 / 160ms, 1.0 / 160ms, 1.0 / 160ms, 1.0 / 161ms, 1.0 / 159ms, 1.0 / 160ms, 1.0 / 160ms, 1.0 / 160ms, 1.0 / 160ms, 1.0 / 160ms, 1.0 / 160ms, 1.0 / 160ms, 1.0 / 160ms, 1.0 / 160ms, 1.0 / 160ms, 1.0 / 160ms, 1.0 / 160ms, 1.0 / 160ms, 1.0 / 160ms, 1.0 / 160ms, 1.0 / 160ms, 1.0 / 160ms, 1.0 / 160ms, 1.0 / 160ms, 1.0 / 160ms, 1.0 / 160ms, 1.0 / 160ms, 1.0 / 160ms, 1.0 / 160ms, 1.0 / 160ms, 1.0 / 160ms, 1.0 / 160ms, 1.0 / 160ms, 1.0 / 160ms, 1.0 / 160ms, 1.0 / 160ms, 1.0 / 160ms, 1.0 / 160ms, 1.0 / 161ms, 1.0 / 160ms, 1.0 / 159ms, 1.0 / 160ms, 1.0 / 160ms, 1.0 / 160ms, 1.0 / 160ms, 1.0 / 160ms, 1.0 / 160ms, 1.0 / 160ms, 1.0 / 160ms, 1.0 / 160ms, 1.0 / 1ms]
04-10 03:31:10.329  7877  9544 D EadLuxController: mAmbientLuxValid: true
04-10 03:31:10.329  7877  9544 D EadLuxController: calculateAmbientLux(88382277, 10000)
04-10 03:31:10.329  7877  9544 D EadLuxController: calculateAmbientLux(88382277, 10000)
04-10 03:31:10.329  7877  9544 D EadLuxController: calculateAmbientLux(88382277, 2000)
04-10 03:31:10.329  7877  9544 D EadLuxController: calculateAmbientLux(88382277, 2000)
04-10 03:31:10.329  7877  9544 D EadLuxController: slowAmbientLux: 1.0 fastAmbientLux: 1.0 mAmbientBrighteningThreshold: 10.0 mAmbientDarkeningThreshold: -1.0 nextBrightenTransition: 88384277 nextDarkenTransition: 88384277 time: 88382277
04-10 03:31:10.329  7877  9544 D EadLuxController: updateAmbientLux: Scheduling ambient lux update for 8838427788384277 (in 1999 ms)
04-10 03:31:10.361  3027  3194 D PowerManagerService: displayReady: false groupId=0
04-10 03:31:10.361  3027  3194 D DisplayPowerController[0]: animateScreenStateChange: target=ON, mIsEnabled=true
04-10 03:31:10.361  3027  3194 D PowerManagerService: displayReady: true groupId=0
04-10 03:31:10.404  5045  7053 I ContactCache: HANDLE_START_CONTACT_SYNC : 
04-10 03:31:10.413  5045  7053 I ContactCache: getContactProviderStatus: 0
04-10 03:31:10.413  5045  7053 I ContactCache: onStartContactSync : 
04-10 03:31:10.414  5045  7053 I ContactCache: startContactSync: VZW_US
04-10 03:31:10.416  5045  7064 I ContactCache<1>: startContactSync: start caching contacts.
04-10 03:31:10.417  5045  7064 I ContactCache: slot[1]: refresh: mStartIndex 0
04-10 03:31:10.418  5045  7064 E #IMSCR  : 04-10 03:31:10 0x12060000:1,REFR:0
04-10 03:31:10.427  5045  7064 I ContactCache<1>: refresh: set mPrevRefreshTimeInMs = 1775808795624
04-10 03:31:10.427  5045  7064 I ContactCache<1>: refresh: found 0 contacts. mLastRefreshTimeInMs = 1775809870427
04-10 03:31:10.427  5045  7064 E #IMSCR  : 04-10 03:31:10 0x12060001:1,REFR:FOUND:0
04-10 03:31:10.428  5045  7064 I ContactCache<1>: startContactSync: removed, check removed contacts.
04-10 03:31:10.428  5045  7064 I ContactCache: processRemovedContact: Start.
04-10 03:31:10.428  5045  7064 D CapabilityStorage<0>: getCapabilitiesNumberWithContactId
04-10 03:31:10.430  5045  7064 D CapabilityStorage<0>: getCapabilitiesNumberWithContactId : 210 capabilities record.
04-10 03:31:10.430  5045  7064 D CapabilityStorage<0>: getCapabilitiesNumberWithContactId done.
04-10 03:31:10.430  5045  7064 D CapabilityStorage<1>: getCapabilitiesNumberWithContactId
04-10 03:31:10.431  5045  7064 D CapabilityStorage<1>: getCapabilitiesNumberWithContactId : 211 capabilities record.
04-10 03:31:10.431  5045  7064 D CapabilityStorage<1>: getCapabilitiesNumberWithContactId done.
04-10 03:31:10.434  5045  7064 I ContactCache: getAllNumbersInContactDB: found 268 contacts.
04-10 03:31:10.440  5045  7064 I ContactCache: processRemovedContact: start remove
04-10 03:31:10.440  5045  7064 I ContactCache: processRemovedContact: Done. 0 numbers removed.
04-10 03:31:10.440  5045  7064 I ContactCache<1>: startContactSync: Done. contact no found.
04-10 03:31:10.487  1077  1077 D io_stats: !@   8,0 r 50825783 947687868 w 7422812 186463688 d 1025883 193132752 f 208082 643162 iot 3134880 0 th 0 0 0 pt 0 inp 0 0 88382.436
04-10 03:31:10.488  7877  9544 D EadLuxController: mAmbientLightRingBuffer.push(88382437, 1.0)
04-10 03:31:10.488  7877  9544 D EadLuxController: mAmbientLightRingBuffer.toString() - [1.0 / 80ms, 1.0 / 160ms, 1.0 / 160ms, 1.0 / 160ms, 1.0 / 160ms, 1.0 / 160ms, 1.0 / 160ms, 1.0 / 160ms, 1.0 / 160ms, 1.0 / 160ms, 1.0 / 160ms, 1.0 / 160ms, 1.0 / 160ms, 1.0 / 160ms, 1.0 / 160ms, 1.0 / 161ms, 1.0 / 159ms, 1.0 / 160ms, 1.0 / 160ms, 1.0 / 160ms, 1.0 / 160ms, 1.0 / 160ms, 1.0 / 160ms, 1.0 / 160ms, 1.0 / 160ms, 1.0 / 160ms, 1.0 / 160ms, 1.0 / 160ms, 1.0 / 160ms, 1.0 / 160ms, 1.0 / 160ms, 1.0 / 160ms, 1.0 / 160ms, 1.0 / 160ms, 1.0 / 160ms, 1.0 / 160ms, 1.0 / 160ms, 1.0 / 160ms, 1.0 / 160ms, 1.0 / 160ms, 1.0 / 160ms, 1.0 / 160ms, 1.0 / 160ms, 1.0 / 160ms, 1.0 / 160ms, 1.0 / 160ms, 1.0 / 160ms, 1.0 / 160ms, 1.0 / 160ms, 1.0 / 160ms, 1.0 / 161ms, 1.0 / 160ms, 1.0 / 159ms, 1.0 / 160ms, 1.0 / 160ms, 1.0 / 160ms, 1.0 / 160ms, 1.0 / 160ms, 1.0 / 160ms, 1.0 / 160ms, 1.0 / 160ms, 1.0 / 160ms, 1.0 / 160ms, 1.0 / 0ms]
04-10 03:31:10.488  7877  9544 D EadLuxController: mAmbientLuxValid: true
04-10 03:31:10.488  7877  9544 D EadLuxController: calculateAmbientLux(88382437, 10000)
04-10 03:31:10.488  7877  9544 D EadLuxController: calculateAmbientLux(88382437, 10000)
04-10 03:31:10.488  7877  9544 D EadLuxController: calculateAmbientLux(88382437, 2000)
04-10 03:31:10.488  7877  9544 D EadLuxController: calculateAmbientLux(88382437, 2000)
04-10 03:31:10.488  7877  9544 D EadLuxController: slowAmbientLux: 1.0 fastAmbientLux: 1.0 mAmbientBrighteningThreshold: 10.0 mAmbientDarkeningThreshold: -1.0 nextBrightenTransition: 88384437 nextDarkenTransition: 88384437 time: 88382437
04-10 03:31:10.488  7877  9544 D EadLuxController: updateAmbientLux: Scheduling ambient lux update for 8838443788384437 (in 2000 ms)
04-10 03:31:10.562  3027  3194 D PowerManagerService: displayReady: false groupId=0
04-10 03:31:10.562  3027  3194 D DisplayPowerController[0]: animateScreenStateChange: target=ON, mIsEnabled=true
04-10 03:31:10.562  3027  3194 D PowerManagerService: displayReady: true groupId=0
04-10 03:31:10.631  8978 10549 I GearContacts_ObserverManager: onContactChanged
04-10 03:31:10.638  8978 10549 I GearContacts_MessageHandlerCallbackImpl: sendFrequentlyContactedData
04-10 03:31:10.640  8978 17032 I GearContacts_SaContactDbSyncManager: cache db sync begins
04-10 03:31:10.648  7877  9544 D EadLuxController: mAmbientLightRingBuffer.push(88382597, 1.0)
04-10 03:31:10.648  7877  9544 D EadLuxController: mAmbientLightRingBuffer.toString() - [1.0 / 80ms, 1.0 / 160ms, 1.0 / 160ms, 1.0 / 160ms, 1.0 / 160ms, 1.0 / 160ms, 1.0 / 160ms, 1.0 / 160ms, 1.0 / 160ms, 1.0 / 160ms, 1.0 / 160ms, 1.0 / 160ms, 1.0 / 160ms, 1.0 / 160ms, 1.0 / 161ms, 1.0 / 159ms, 1.0 / 160ms, 1.0 / 160ms, 1.0 / 160ms, 1.0 / 160ms, 1.0 / 160ms, 1.0 / 160ms, 1.0 / 160ms, 1.0 / 160ms, 1.0 / 160ms, 1.0 / 160ms, 1.0 / 160ms, 1.0 / 160ms, 1.0 / 160ms, 1.0 / 160ms, 1.0 / 160ms, 1.0 / 160ms, 1.0 / 160ms, 1.0 / 160ms, 1.0 / 160ms, 1.0 / 160ms, 1.0 / 160ms, 1.0 / 160ms, 1.0 / 160ms, 1.0 / 160ms, 1.0 / 160ms, 1.0 / 160ms, 1.0 / 160ms, 1.0 / 160ms, 1.0 / 160ms, 1.0 / 160ms, 1.0 / 160ms, 1.0 / 160ms, 1.0 / 160ms, 1.0 / 161ms, 1.0 / 160ms, 1.0 / 159ms, 1.0 / 160ms, 1.0 / 160ms, 1.0 / 160ms, 1.0 / 160ms, 1.0 / 160ms, 1.0 / 160ms, 1.0 / 160ms, 1.0 / 160ms, 1.0 / 160ms, 1.0 / 160ms, 1.0 / 160ms, 1.0 / 0ms]
04-10 03:31:10.648  7877  9544 D EadLuxController: mAmbientLuxValid: true
04-10 03:31:10.648  7877  9544 D EadLuxController: calculateAmbientLux(88382597, 10000)
04-10 03:31:10.648  7877  9544 D EadLuxController: calculateAmbientLux(88382597, 10000)
04-10 03:31:10.648  7877  9544 D EadLuxController: calculateAmbientLux(88382597, 2000)
04-10 03:31:10.648  7877  9544 D EadLuxController: calculateAmbientLux(88382597, 2000)
04-10 03:31:10.648  7877  9544 D EadLuxController: slowAmbientLux: 1.0 fastAmbientLux: 1.0 mAmbientBrighteningThreshold: 10.0 mAmbientDarkeningThreshold: -1.0 nextBrightenTransition: 88384597 nextDarkenTransition: 88384597 time: 88382597
04-10 03:31:10.648  7877  9544 D EadLuxController: updateAmbientLux: Scheduling ambient lux update for 8838459788384597 (in 2000 ms)
04-10 03:31:10.650  8978 17032 I GearContacts_DataLayerUtil: node task await result:true
04-10 03:31:10.650  8978 10549 I GearContacts_MessageHandlerCallbackImpl: sendCountryIsoData
04-10 03:31:10.651  8978  8978 I GearContacts_DataLayerUtil: get node successfully!
04-10 03:31:10.653  8978 10549 I GearContacts_CountryDetector: getNetworkBasedCountryIso : us
04-10 03:31:10.653  8978 10549 I GearContacts_DataLayerUtil: sendMessage: contacts-countr
04-10 03:31:10.653  8978 10549 I GearContacts_MessageHandlerCallbackImpl: sendRoamingStatus
04-10 03:31:10.654  8978 10549 I GearContacts_SyncDataRoamingStatus: roamingStatus false, localRoamingStatus false
04-10 03:31:10.654  8978  8978 I GearContacts_DataLayerUtil: get node successfully!
04-10 03:31:10.658  8978  8978 I GearContacts_SyncDataCountryIso: send country iso data message success
04-10 03:31:10.661  8978 10600 I GearContacts_ObserverManager: onProfileChanged
04-10 03:31:10.663  4984  5458 I bt_btm_pm: system/stack/acl/btm_pm.cc:272 BTM_SetPowerMode: Setting power mode for peer:xx:xx:xx:xx:4a:e2 current_mode:immediate:sniff[2] new_mode:forced:active[0]
04-10 03:31:10.663  4984  5458 I bt_btm_pm: system/stack/acl/btm_pm.cc:582 btm_pm_snd_md_req: Switching from immediate:sniff[0x02] to immediate:active[0x00]
04-10 03:31:10.665  8978 17032 I GearContacts_SaContactDbManager: processInsert, size: 0
04-10 03:31:10.665  8978 17032 I GearContacts_SaContactDbManager: processDelete, size: 0
04-10 03:31:10.665  8978 17032 I GearContacts_SaContactDbManager: processUpdate, size: 0
04-10 03:31:10.667  2112  2143 D vendor.qti.bluetooth@1.0-ibs_handler: SerialClockVote: vote for UART CLK ON
04-10 03:31:10.668  2112  2143 D vendor.qti.bluetooth@1.0-wake_lock: Acquire wakelock is acquired 
04-10 03:31:10.668  2112  2143 I vendor.qti.bluetooth@1.0-ibs_handler: DeviceWakeUp: Writing IBS_WAKE_IND
04-10 03:31:10.669  8978 17032 I GearContacts_SaContactDbSyncManager: cache db sync ends
04-10 03:31:10.669  8978 17032 I GearContacts_SaContactDbSyncManager: cache db sync is completed
04-10 03:31:10.672  2112  6363 I vendor.qti.bluetooth@1.0-ibs_handler: ProcessIbsCmd: Received IBS_WAKE_ACK: 0xFC
04-10 03:31:10.672  2112  6363 I vendor.qti.bluetooth@1.0-ibs_handler: ProcessIbsCmd: Signal wack_cond_
04-10 03:31:10.672  2112  2143 D vendor.qti.bluetooth@1.0-ibs_handler: DeviceWakeUp: Unblocked from waiting for FC, pthread_cond_timedwait ret = 0
04-10 03:31:10.674  2112  6363 I vendor.qti.bluetooth@1.0-ibs_handler: ProcessIbsCmd: Received IBS_WAKE_IND: 0xFD
04-10 03:31:10.674  2112  6363 I vendor.qti.bluetooth@1.0-ibs_handler: ProcessIbsCmd: Writing IBS_WAKE_ACK
04-10 03:31:10.685 10350 10373 W services:remote: userfaultfd: MOVE ioctl seems unsupported: Connection timed out
04-10 03:31:10.722  2112  6363 I vendor.qti.bluetooth@1.0-ibs_handler: ProcessIbsCmd: Received IBS_SLEEP_IND: 0xFE
04-10 03:31:10.752  3027  3150 D BatteryExternalStatsWorker: update stats : procstate-change (10)
04-10 03:31:10.754  3027  3150 D BatteryExternalStatsWorker: Fetch WiFi data
04-10 03:31:10.755  3027  3150 D BatteryExternalStatsWorker: Update Rail Energy data
04-10 03:31:10.762  3027  3194 D PowerManagerService: displayReady: false groupId=0
04-10 03:31:10.762  3027  3194 D DisplayPowerController[0]: animateScreenStateChange: target=ON, mIsEnabled=true
04-10 03:31:10.762  3027  3194 D PowerManagerService: displayReady: true groupId=0
04-10 03:31:10.763  3027  4354 E WifiStaIfaceAidlImpl: getCachedScanData failed with service-specific exception: android.os.ServiceSpecificException:  (code 4)
04-10 03:31:10.763  3027  3150 D BatteryExternalStatsWorker: mStats lock released
04-10 03:31:10.770  3027  3150 D BatteryExternalStatsWorker: Update wifi state
04-10 03:31:10.770  3027  3150 D BatteryExternalStatsWorker: done updateExternalStatsLocked
04-10 03:31:10.807  3027  4493 D WifiConnectivityMonitor.NetworkStatsAnalyzer: Backhaul result - RSSI:-59, CE:26, PE:26, TI:34, PTI:32, TW:8, PTW:13, Tx:168, Rx:128, TxS:17, RxS:12, RESULT:true, IC:2, ICT:5, WC:1, WCT:5, R:1, RC:0, IE:0, EC:0
04-10 03:31:10.808  7877  9544 D EadLuxController: mAmbientLightRingBuffer.push(88382757, 1.0)
04-10 03:31:10.808  7877  9544 D EadLuxController: mAmbientLightRingBuffer.toString() - [1.0 / 80ms, 1.0 / 160ms, 1.0 / 160ms, 1.0 / 160ms, 1.0 / 160ms, 1.0 / 160ms, 1.0 / 160ms, 1.0 / 160ms, 1.0 / 160ms, 1.0 / 160ms, 1.0 / 160ms, 1.0 / 160ms, 1.0 / 160ms, 1.0 / 161ms, 1.0 / 159ms, 1.0 / 160ms, 1.0 / 160ms, 1.0 / 160ms, 1.0 / 160ms, 1.0 / 160ms, 1.0 / 160ms, 1.0 / 160ms, 1.0 / 160ms, 1.0 / 160ms, 1.0 / 160ms, 1.0 / 160ms, 1.0 / 160ms, 1.0 / 160ms, 1.0 / 160ms, 1.0 / 160ms, 1.0 / 160ms, 1.0 / 160ms, 1.0 / 160ms, 1.0 / 160ms, 1.0 / 160ms, 1.0 / 160ms, 1.0 / 160ms, 1.0 / 160ms, 1.0 / 160ms, 1.0 / 160ms, 1.0 / 160ms, 1.0 / 160ms, 1.0 / 160ms, 1.0 / 160ms, 1.0 / 160ms, 1.0 / 160ms, 1.0 / 160ms, 1.0 / 160ms, 1.0 / 161ms, 1.0 / 160ms, 1.0 / 159ms, 1.0 / 160ms, 1.0 / 160ms, 1.0 / 160ms, 1.0 / 160ms, 1.0 / 160ms, 1.0 / 160ms, 1.0 / 160ms, 1.0 / 160ms, 1.0 / 160ms, 1.0 / 160ms, 1.0 / 160ms, 1.0 / 160ms, 1.0 / 0ms]
04-10 03:31:10.808  7877  9544 D EadLuxController: mAmbientLuxValid: true
04-10 03:31:10.808  7877  9544 D EadLuxController: calculateAmbientLux(88382757, 10000)
04-10 03:31:10.808  7877  9544 D EadLuxController: calculateAmbientLux(88382757, 10000)
04-10 03:31:10.808  7877  9544 D EadLuxController: calculateAmbientLux(88382757, 2000)
04-10 03:31:10.808  7877  9544 D EadLuxController: calculateAmbientLux(88382757, 2000)
04-10 03:31:10.808  7877  9544 D EadLuxController: slowAmbientLux: 1.0 fastAmbientLux: 1.0 mAmbientBrighteningThreshold: 10.0 mAmbientDarkeningThreshold: -1.0 nextBrightenTransition: 88384757 nextDarkenTransition: 88384757 time: 88382757
04-10 03:31:10.808  7877  9544 D EadLuxController: updateAmbientLux: Scheduling ambient lux update for 8838475788384757 (in 2000 ms)
04-10 03:31:10.834  2121  4628 I sensors-hal: handle_sns_client_event:202, auto_rotation_debug_2 mode,255, type,1,0 acc,-2.010,-0.325,9.672, ar,0, ver,14, pedo,1,e,1,i,3
04-10 03:31:10.924  2112  6371 I vendor.qti.bluetooth@1.0-ibs_handler: DeviceSleep: TX Awake, Sending SLEEP_IND
04-10 03:31:10.924  2112  6371 D vendor.qti.bluetooth@1.0-ibs_handler: SerialClockVote: vote for UART CLK OFF
04-10 03:31:10.963  3027  3194 D PowerManagerService: displayReady: false groupId=0
04-10 03:31:10.963  3027  3194 D DisplayPowerController[0]: animateScreenStateChange: target=ON, mIsEnabled=true
04-10 03:31:10.964  2112  6363 I vendor.qti.bluetooth@1.0-ibs_handler: ProcessIbsCmd: Received IBS_WAKE_IND: 0xFD
04-10 03:31:10.964  2112  6363 D vendor.qti.bluetooth@1.0-ibs_handler: SerialClockVote: vote for UART CLK ON
04-10 03:31:10.964  2112  6363 I vendor.qti.bluetooth@1.0-ibs_handler: ProcessIbsCmd: Writing IBS_WAKE_ACK
04-10 03:31:10.964  3027  3194 D PowerManagerService: displayReady: true groupId=0
04-10 03:31:10.968  7877  9544 D EadLuxController: mAmbientLightRingBuffer.push(88382917, 1.0)
04-10 03:31:10.968  7877  9544 D EadLuxController: mAmbientLightRingBuffer.toString() - [1.0 / 80ms, 1.0 / 160ms, 1.0 / 160ms, 1.0 / 160ms, 1.0 / 160ms, 1.0 / 160ms, 1.0 / 160ms, 1.0 / 160ms, 1.0 / 160ms, 1.0 / 160ms, 1.0 / 160ms, 1.0 / 160ms, 1.0 / 161ms, 1.0 / 159ms, 1.0 / 160ms, 1.0 / 160ms, 1.0 / 160ms, 1.0 / 160ms, 1.0 / 160ms, 1.0 / 160ms, 1.0 / 160ms, 1.0 / 160ms, 1.0 / 160ms, 1.0 / 160ms, 1.0 / 160ms, 1.0 / 160ms, 1.0 / 160ms, 1.0 / 160ms, 1.0 / 160ms, 1.0 / 160ms, 1.0 / 160ms, 1.0 / 160ms, 1.0 / 160ms, 1.0 / 160ms, 1.0 / 160ms, 1.0 / 160ms, 1.0 / 160ms, 1.0 / 160ms, 1.0 / 160ms, 1.0 / 160ms, 1.0 / 160ms, 1.0 / 160ms, 1.0 / 160ms, 1.0 / 160ms, 1.0 / 160ms, 1.0 / 160ms, 1.0 / 160ms, 1.0 / 161ms, 1.0 / 160ms, 1.0 / 159ms, 1.0 / 160ms, 1.0 / 160ms, 1.0 / 160ms, 1.0 / 160ms, 1.0 / 160ms, 1.0 / 160ms, 1.0 / 160ms, 1.0 / 160ms, 1.0 / 160ms, 1.0 / 160ms, 1.0 / 160ms, 1.0 / 160ms, 1.0 / 160ms, 1.0 / 0ms]
04-10 03:31:10.968  7877  9544 D EadLuxController: mAmbientLuxValid: true
04-10 03:31:10.968  7877  9544 D EadLuxController: calculateAmbientLux(88382917, 10000)
04-10 03:31:10.968  7877  9544 D EadLuxController: calculateAmbientLux(88382917, 10000)
04-10 03:31:10.968  7877  9544 D EadLuxController: calculateAmbientLux(88382917, 2000)
04-10 03:31:10.968  7877  9544 D EadLuxController: calculateAmbientLux(88382917, 2000)
04-10 03:31:10.969  7877  9544 D EadLuxController: slowAmbientLux: 1.0 fastAmbientLux: 1.0 mAmbientBrighteningThreshold: 10.0 mAmbientDarkeningThreshold: -1.0 nextBrightenTransition: 88384917 nextDarkenTransition: 88384917 time: 88382917
04-10 03:31:10.969  7877  9544 D EadLuxController: updateAmbientLux: Scheduling ambient lux update for 8838491788384917 (in 2000 ms)
04-10 03:31:10.973  4984  6388 I ScanController: onScanResult to scannerId: 2- eventType=0x1b, addressType=0, address=XX:XX:XX:XX:D2:69, primaryPhy=1, secondaryPhy=0, advertisingSid=0xff, txPower=127, rssi=-54, periodicAdvInt=0x0
04-10 03:31:10.979  4984  6388 I ScanController: onScanResult to scannerId: 3- eventType=0x1b, addressType=0, address=XX:XX:XX:XX:4C:65, primaryPhy=1, secondaryPhy=0, advertisingSid=0xff, txPower=127, rssi=-94, periodicAdvInt=0x0
04-10 03:31:10.980  4984  6388 I ScanController: onScanResult to scannerId: 10- eventType=0x1b, addressType=0, address=XX:XX:XX:XX:4C:65, primaryPhy=1, secondaryPhy=0, advertisingSid=0xff, txPower=127, rssi=-94, periodicAdvInt=0x0
04-10 03:31:10.981 14637 14693 D ScanFilter: manu data matches
04-10 03:31:10.981 12885 14260 D ScanFilter: manu data matches
04-10 03:31:10.981 12885 14260 I [-0500]oneconnect[1.8.41.23_01][CORE]: DataConvert.parseBleVd - deviceBle : |name:($)-S(11)|deviceType:UNKNOWN|discoverType:_BLE|services:None|connected:false[Type]6[Index]1[MNID]0AJK[SETUPID]101[TvStatusString]EXTENSION[TvStatus]32[TvService]103[TvMirrorChannel]0[TvRegisteredDB]null[TvYear]2024[TvOcfInfo]13[TvAcmStatus]0[ExTvStatus]2[ExtendedStatus]4[ModuloSn]20
04-10 03:31:10.986  4984  6388 I ScanController: onScanResult to scannerId: 10- eventType=0x10, addressType=0, address=XX:XX:XX:XX:AB:83, primaryPhy=1, secondaryPhy=0, advertisingSid=0xff, txPower=127, rssi=-90, periodicAdvInt=0x0
04-10 03:31:10.988 12885 14260 D ScanFilter: manu data matches
04-10 03:31:10.989 12885 14260 I [-0500]oneconnect[1.8.41.23_01][CORE]: DataConvert.parseBleVd - deviceBle : |name:|deviceType:TV|discoverType:_BLE|services:None|connected:false[TvStatusString]POWER_OFF[TvStatus]-128[TvService]102[TvMirrorChannel]1[TvRegisteredDB][-88, 14, 0, 0, 0, 0][TvYear]2016[TvOcfInfo]0[TvAcmStatus]0[ExTvStatus]0[ExtendedStatus]-1[ModuloSn]-1
04-10 03:31:11.025 10309 10420 V SOH_SERVICE: Battery 0 : BattData { voltage:4.076, current:0.349218, soc:0.74, temperature:35.9, status:2, timestamp:1775809871024}
04-10 03:31:11.051  4984  5458 W bt_btm_pm: system/stack/acl/btm_pm.cc:729 btm_pm_proc_mode_change: Power mode switched from immediate:pending[5] to immediate:active[0]
04-10 03:31:11.081  2186  2274 E HeatmapThread: ECT Thread time in milliseconds: 1775809871
04-10 03:31:11.083  2186  2274 D HeatmapThread: !@ batteryplugType : 2
04-10 03:31:11.083  2186  2274 D HeatmapThread: !@ batteryLevel : 74  batteryTemperature : 359 
04-10 03:31:11.083  2186  2274 D HeatmapThread: !@ Heatmap currtime: 29596831
04-10 03:31:11.083  2186  2274 D HeatmapThread: !@ Heatmap prevtime: 29596804
04-10 03:31:11.083  2186  2274 D HeatmapThread: !@ Heatmap plugstarttime: 29596824
04-10 03:31:11.083  2186  2274 D HeatmapThread: !@ Heatmap prevv_dsoh_update_time: 29596399
04-10 03:31:11.083  2186  2274 E HeatmapThread: !@ CAM New BSOH: 100
04-10 03:31:11.088  2112  6363 I vendor.qti.bluetooth@1.0-ibs_handler: ProcessIbsCmd: Received IBS_SLEEP_IND: 0xFE
04-10 03:31:11.088  2112  6363 D vendor.qti.bluetooth@1.0-ibs_handler: SerialClockVote: vote for UART CLK OFF
04-10 03:31:11.128  7877  9544 D EadLuxController: mAmbientLightRingBuffer.push(88383077, 1.0)
04-10 03:31:11.128  7877  9544 D EadLuxController: mAmbientLightRingBuffer.toString() - [1.0 / 80ms, 1.0 / 160ms, 1.0 / 160ms, 1.0 / 160ms, 1.0 / 160ms, 1.0 / 160ms, 1.0 / 160ms, 1.0 / 160ms, 1.0 / 160ms, 1.0 / 160ms, 1.0 / 160ms, 1.0 / 161ms, 1.0 / 159ms, 1.0 / 160ms, 1.0 / 160ms, 1.0 / 160ms, 1.0 / 160ms, 1.0 / 160ms, 1.0 / 160ms, 1.0 / 160ms, 1.0 / 160ms, 1.0 / 160ms, 1.0 / 160ms, 1.0 / 160ms, 1.0 / 160ms, 1.0 / 160ms, 1.0 / 160ms, 1.0 / 160ms, 1.0 / 160ms, 1.0 / 160ms, 1.0 / 160ms, 1.0 / 160ms, 1.0 / 160ms, 1.0 / 160ms, 1.0 / 160ms, 1.0 / 160ms, 1.0 / 160ms, 1.0 / 160ms, 1.0 / 160ms, 1.0 / 160ms, 1.0 / 160ms, 1.0 / 160ms, 1.0 / 160ms, 1.0 / 160ms, 1.0 / 160ms, 1.0 / 160ms, 1.0 / 161ms, 1.0 / 160ms, 1.0 / 159ms, 1.0 / 160ms, 1.0 / 160ms, 1.0 / 160ms, 1.0 / 160ms, 1.0 / 160ms, 1.0 / 160ms, 1.0 / 160ms, 1.0 / 160ms, 1.0 / 160ms, 1.0 / 160ms, 1.0 / 160ms, 1.0 / 160ms, 1.0 / 160ms, 1.0 / 160ms, 1.0 / 0ms]
04-10 03:31:11.128  7877  9544 D EadLuxController: mAmbientLuxValid: true
04-10 03:31:11.128  7877  9544 D EadLuxController: calculateAmbientLux(88383077, 10000)
04-10 03:31:11.128  7877  9544 D EadLuxController: calculateAmbientLux(88383077, 10000)
04-10 03:31:11.128  7877  9544 D EadLuxController: calculateAmbientLux(88383077, 2000)
04-10 03:31:11.128  7877  9544 D EadLuxController: calculateAmbientLux(88383077, 2000)
04-10 03:31:11.128  7877  9544 D EadLuxController: slowAmbientLux: 1.0 fastAmbientLux: 1.0 mAmbientBrighteningThreshold: 10.0 mAmbientDarkeningThreshold: -1.0 nextBrightenTransition: 88385077 nextDarkenTransition: 88385077 time: 88383077
04-10 03:31:11.128  7877  9544 D EadLuxController: updateAmbientLux: Scheduling ambient lux update for 8838507788385077 (in 2000 ms)
04-10 03:31:11.139  2112  6363 I vendor.qti.bluetooth@1.0-ibs_handler: ProcessIbsCmd: Received IBS_WAKE_IND: 0xFD
04-10 03:31:11.139  2112  6363 D vendor.qti.bluetooth@1.0-ibs_handler: SerialClockVote: vote for UART CLK ON
04-10 03:31:11.139  2112  6363 I vendor.qti.bluetooth@1.0-ibs_handler: ProcessIbsCmd: Writing IBS_WAKE_ACK
04-10 03:31:11.146  4984  6388 I ScanController: onScanResult to scannerId: 10- eventType=0x10, addressType=0, address=XX:XX:XX:XX:AB:83, primaryPhy=1, secondaryPhy=0, advertisingSid=0xff, txPower=127, rssi=-90, periodicAdvInt=0x0
04-10 03:31:11.149 12885 14260 D ScanFilter: manu data matches
04-10 03:31:11.149 12885 14260 I [-0500]oneconnect[1.8.41.23_01][CORE]: DataConvert.parseBleVd - deviceBle : |name:|deviceType:TV|discoverType:_BLE|services:None|connected:false[TvStatusString]POWER_OFF[TvStatus]-128[TvService]102[TvMirrorChannel]1[TvRegisteredDB][-88, 14, 0, 0, 0, 0][TvYear]2016[TvOcfInfo]0[TvAcmStatus]0[ExTvStatus]0[ExtendedStatus]-1[ModuloSn]-1
04-10 03:31:11.160  4984  6388 I ScanController: onScanResult to scannerId: 2- eventType=0x1b, addressType=0, address=XX:XX:XX:XX:D2:69, primaryPhy=1, secondaryPhy=0, advertisingSid=0xff, txPower=127, rssi=-54, periodicAdvInt=0x0
04-10 03:31:11.163  3027  3194 D PowerManagerService: displayReady: false groupId=0
04-10 03:31:11.163  3027  3194 D DisplayPowerController[0]: animateScreenStateChange: target=ON, mIsEnabled=true
04-10 03:31:11.164  3027  3194 D PowerManagerService: displayReady: true groupId=0
04-10 03:31:11.199  2112  6363 I vendor.qti.bluetooth@1.0-ibs_handler: ProcessIbsCmd: Received IBS_SLEEP_IND: 0xFE
04-10 03:31:11.199  2112  6363 D vendor.qti.bluetooth@1.0-ibs_handler: SerialClockVote: vote for UART CLK OFF
04-10 03:31:11.288  7877  9544 D EadLuxController: mAmbientLightRingBuffer.push(88383237, 1.0)
04-10 03:31:11.289  7877  9544 D EadLuxController: mAmbientLightRingBuffer.toString() - [1.0 / 80ms, 1.0 / 160ms, 1.0 / 160ms, 1.0 / 160ms, 1.0 / 160ms, 1.0 / 160ms, 1.0 / 160ms, 1.0 / 160ms, 1.0 / 160ms, 1.0 / 160ms, 1.0 / 161ms, 1.0 / 159ms, 1.0 / 160ms, 1.0 / 160ms, 1.0 / 160ms, 1.0 / 160ms, 1.0 / 160ms, 1.0 / 160ms, 1.0 / 160ms, 1.0 / 160ms, 1.0 / 160ms, 1.0 / 160ms, 1.0 / 160ms, 1.0 / 160ms, 1.0 / 160ms, 1.0 / 160ms, 1.0 / 160ms, 1.0 / 160ms, 1.0 / 160ms, 1.0 / 160ms, 1.0 / 160ms, 1.0 / 160ms, 1.0 / 160ms, 1.0 / 160ms, 1.0 / 160ms, 1.0 / 160ms, 1.0 / 160ms, 1.0 / 160ms, 1.0 / 160ms, 1.0 / 160ms, 1.0 / 160ms, 1.0 / 160ms, 1.0 / 160ms, 1.0 / 160ms, 1.0 / 160ms, 1.0 / 161ms, 1.0 / 160ms, 1.0 / 159ms, 1.0 / 160ms, 1.0 / 160ms, 1.0 / 160ms, 1.0 / 160ms, 1.0 / 160ms, 1.0 / 160ms, 1.0 / 160ms, 1.0 / 160ms, 1.0 / 160ms, 1.0 / 160ms, 1.0 / 160ms, 1.0 / 160ms, 1.0 / 160ms, 1.0 / 160ms, 1.0 / 160ms, 1.0 / 0ms]
04-10 03:31:11.289  7877  9544 D EadLuxController: mAmbientLuxValid: true
04-10 03:31:11.289  7877  9544 D EadLuxController: calculateAmbientLux(88383237, 10000)
04-10 03:31:11.289  7877  9544 D EadLuxController: calculateAmbientLux(88383237, 10000)
04-10 03:31:11.289  7877  9544 D EadLuxController: calculateAmbientLux(88383237, 2000)
04-10 03:31:11.289  7877  9544 D EadLuxController: calculateAmbientLux(88383237, 2000)
04-10 03:31:11.289  7877  9544 D EadLuxController: slowAmbientLux: 1.0 fastAmbientLux: 1.0 mAmbientBrighteningThreshold: 10.0 mAmbientDarkeningThreshold: -1.0 nextBrightenTransition: 88385237 nextDarkenTransition: 88385237 time: 88383237
04-10 03:31:11.289  7877  9544 D EadLuxController: updateAmbientLux: Scheduling ambient lux update for 8838523788385237 (in 1999 ms)
04-10 03:31:11.349  2112  5467 D vendor.qti.bluetooth@1.0-wake_lock: Release wakelock is released 
04-10 03:31:11.363  3027  3194 D PowerManagerService: displayReady: false groupId=0
04-10 03:31:11.363  3027  3194 D DisplayPowerController[0]: animateScreenStateChange: target=ON, mIsEnabled=true
04-10 03:31:11.364  3027  3194 D PowerManagerService: displayReady: true groupId=0
04-10 03:31:11.430  2123  4545 I WifiHAL : event received NL80211_CMD_VENDOR, vendor_id = 0x1374, subcmd = 0xa
04-10 03:31:11.430  4550  4550 I wpa_supplicant: nl80211: Vendor event: wiphy=0 vendor_id=0x1374 subcmd=10
04-10 03:31:11.430  2802  4546 D LOWI-9.0.1.112.a: [LOWI-Scan] wait_event:Wait done with Cmd 103
04-10 03:31:11.430  2653  2653 I cnss-daemon: nl80211 response handler invoked
04-10 03:31:11.430  2653  2653 I cnss-daemon: nl80211_response_handler: cmd 103, vendorID 4980, subcmd 10  received
04-10 03:31:11.431  4550  4550 I wpa_supplicant: wlan0: CTRL-EVENT-AVOID-FREQ ranges=
04-10 03:31:11.431  2802  4546 D LOWI-9.0.1.112.a: [LOWI-Scan] do_listen_events: Rcvd valid Netlink Cmd 0 Err 0
04-10 03:31:11.449  7877  9544 D EadLuxController: mAmbientLightRingBuffer.push(88383398, 1.0)
04-10 03:31:11.449  7877  9544 D EadLuxController: mAmbientLightRingBuffer.toString() - [1.0 / 79ms, 1.0 / 160ms, 1.0 / 160ms, 1.0 / 160ms, 1.0 / 160ms, 1.0 / 160ms, 1.0 / 160ms, 1.0 / 160ms, 1.0 / 160ms, 1.0 / 161ms, 1.0 / 159ms, 1.0 / 160ms, 1.0 / 160ms, 1.0 / 160ms, 1.0 / 160ms, 1.0 / 160ms, 1.0 / 160ms, 1.0 / 160ms, 1.0 / 160ms, 1.0 / 160ms, 1.0 / 160ms, 1.0 / 160ms, 1.0 / 160ms, 1.0 / 160ms, 1.0 / 160ms, 1.0 / 160ms, 1.0 / 160ms, 1.0 / 160ms, 1.0 / 160ms, 1.0 / 160ms, 1.0 / 160ms, 1.0 / 160ms, 1.0 / 160ms, 1.0 / 160ms, 1.0 / 160ms, 1.0 / 160ms, 1.0 / 160ms, 1.0 / 160ms, 1.0 / 160ms, 1.0 / 160ms, 1.0 / 160ms, 1.0 / 160ms, 1.0 / 160ms, 1.0 / 160ms, 1.0 / 161ms, 1.0 / 160ms, 1.0 / 159ms, 1.0 / 160ms, 1.0 / 160ms, 1.0 / 160ms, 1.0 / 160ms, 1.0 / 160ms, 1.0 / 160ms, 1.0 / 160ms, 1.0 / 160ms, 1.0 / 160ms, 1.0 / 160ms, 1.0 / 160ms, 1.0 / 160ms, 1.0 / 160ms, 1.0 / 160ms, 1.0 / 160ms, 1.0 / 161ms, 1.0 / 0ms]
04-10 03:31:11.449  7877  9544 D EadLuxController: mAmbientLuxValid: true
04-10 03:31:11.449  7877  9544 D EadLuxController: calculateAmbientLux(88383398, 10000)
04-10 03:31:11.449  7877  9544 D EadLuxController: calculateAmbientLux(88383398, 10000)
04-10 03:31:11.449  7877  9544 D EadLuxController: calculateAmbientLux(88383398, 2000)
04-10 03:31:11.449  7877  9544 D EadLuxController: calculateAmbientLux(88383398, 2000)
04-10 03:31:11.449  7877  9544 D EadLuxController: slowAmbientLux: 1.0 fastAmbientLux: 1.0 mAmbientBrighteningThreshold: 10.0 mAmbientDarkeningThreshold: -1.0 nextBrightenTransition: 88385398 nextDarkenTransition: 88385398 time: 88383398
04-10 03:31:11.449  7877  9544 D EadLuxController: updateAmbientLux: Scheduling ambient lux update for 8838539888385398 (in 2000 ms)
04-10 03:31:11.511  7849  7849 D BoundBrokerSvc: onUnbind: Intent { act=com.google.android.gms.feedback.internal.IFeedbackService dat=chimera-action:/... xflg=0x4 cmp=com.google.android.gms/.chimera.GmsBoundBrokerService }
04-10 03:31:11.563  3027  3194 D PowerManagerService: displayReady: false groupId=0
04-10 03:31:11.565  3027  3194 D DisplayPowerController[0]: animateScreenStateChange: target=ON, mIsEnabled=true
04-10 03:31:11.565  3027  3194 D PowerManagerService: displayReady: true groupId=0
04-10 03:31:11.608  7877  9544 D EadLuxController: mAmbientLightRingBuffer.push(88383557, 1.0)
04-10 03:31:11.608  7877  9544 D EadLuxController: mAmbientLightRingBuffer.toString() - [1.0 / 80ms, 1.0 / 160ms, 1.0 / 160ms, 1.0 / 160ms, 1.0 / 160ms, 1.0 / 160ms, 1.0 / 160ms, 1.0 / 160ms, 1.0 / 161ms, 1.0 / 159ms, 1.0 / 160ms, 1.0 / 160ms, 1.0 / 160ms, 1.0 / 160ms, 1.0 / 160ms, 1.0 / 160ms, 1.0 / 160ms, 1.0 / 160ms, 1.0 / 160ms, 1.0 / 160ms, 1.0 / 160ms, 1.0 / 160ms, 1.0 / 160ms, 1.0 / 160ms, 1.0 / 160ms, 1.0 / 160ms, 1.0 / 160ms, 1.0 / 160ms, 1.0 / 160ms, 1.0 / 160ms, 1.0 / 160ms, 1.0 / 160ms, 1.0 / 160ms, 1.0 / 160ms, 1.0 / 160ms, 1.0 / 160ms, 1.0 / 160ms, 1.0 / 160ms, 1.0 / 160ms, 1.0 / 160ms, 1.0 / 160ms, 1.0 / 160ms, 1.0 / 160ms, 1.0 / 161ms, 1.0 / 160ms, 1.0 / 159ms, 1.0 / 160ms, 1.0 / 160ms, 1.0 / 160ms, 1.0 / 160ms, 1.0 / 160ms, 1.0 / 160ms, 1.0 / 160ms, 1.0 / 160ms, 1.0 / 160ms, 1.0 / 160ms, 1.0 / 160ms, 1.0 / 160ms, 1.0 / 160ms, 1.0 / 160ms, 1.0 / 160ms, 1.0 / 161ms, 1.0 / 159ms, 1.0 / 0ms]
04-10 03:31:11.608  7877  9544 D EadLuxController: mAmbientLuxValid: true
04-10 03:31:11.608  7877  9544 D EadLuxController: calculateAmbientLux(88383557, 10000)
04-10 03:31:11.608  7877  9544 D EadLuxController: calculateAmbientLux(88383557, 10000)
04-10 03:31:11.608  7877  9544 D EadLuxController: calculateAmbientLux(88383557, 2000)
04-10 03:31:11.608  7877  9544 D EadLuxController: calculateAmbientLux(88383557, 2000)
04-10 03:31:11.609  7877  9544 D EadLuxController: slowAmbientLux: 1.0 fastAmbientLux: 1.0 mAmbientBrighteningThreshold: 10.0 mAmbientDarkeningThreshold: -1.0 nextBrightenTransition: 88385557 nextDarkenTransition: 88385557 time: 88383557
04-10 03:31:11.609  7877  9544 D EadLuxController: updateAmbientLux: Scheduling ambient lux update for 8838555788385557 (in 2000 ms)
04-10 03:31:11.765  3027  3194 D PowerManagerService: displayReady: false groupId=0
04-10 03:31:11.765  3027  3194 D DisplayPowerController[0]: animateScreenStateChange: target=ON, mIsEnabled=true
04-10 03:31:11.766  3027  3194 D PowerManagerService: displayReady: true groupId=0
04-10 03:31:11.768  7877  9544 D EadLuxController: mAmbientLightRingBuffer.push(88383717, 1.0)
04-10 03:31:11.769  7877  9544 D EadLuxController: mAmbientLightRingBuffer.toString() - [1.0 / 80ms, 1.0 / 160ms, 1.0 / 160ms, 1.0 / 160ms, 1.0 / 160ms, 1.0 / 160ms, 1.0 / 160ms, 1.0 / 161ms, 1.0 / 159ms, 1.0 / 160ms, 1.0 / 160ms, 1.0 / 160ms, 1.0 / 160ms, 1.0 / 160ms, 1.0 / 160ms, 1.0 / 160ms, 1.0 / 160ms, 1.0 / 160ms, 1.0 / 160ms, 1.0 / 160ms, 1.0 / 160ms, 1.0 / 160ms, 1.0 / 160ms, 1.0 / 160ms, 1.0 / 160ms, 1.0 / 160ms, 1.0 / 160ms, 1.0 / 160ms, 1.0 / 160ms, 1.0 / 160ms, 1.0 / 160ms, 1.0 / 160ms, 1.0 / 160ms, 1.0 / 160ms, 1.0 / 160ms, 1.0 / 160ms, 1.0 / 160ms, 1.0 / 160ms, 1.0 / 160ms, 1.0 / 160ms, 1.0 / 160ms, 1.0 / 160ms, 1.0 / 161ms, 1.0 / 160ms, 1.0 / 159ms, 1.0 / 160ms, 1.0 / 160ms, 1.0 / 160ms, 1.0 / 160ms, 1.0 / 160ms, 1.0 / 160ms, 1.0 / 160ms, 1.0 / 160ms, 1.0 / 160ms, 1.0 / 160ms, 1.0 / 160ms, 1.0 / 160ms, 1.0 / 160ms, 1.0 / 160ms, 1.0 / 160ms, 1.0 / 161ms, 1.0 / 159ms, 1.0 / 160ms, 1.0 / 0ms]
04-10 03:31:11.769  7877  9544 D EadLuxController: mAmbientLuxValid: true
04-10 03:31:11.769  7877  9544 D EadLuxController: calculateAmbientLux(88383717, 10000)
04-10 03:31:11.769  7877  9544 D EadLuxController: calculateAmbientLux(88383717, 10000)
04-10 03:31:11.769  7877  9544 D EadLuxController: calculateAmbientLux(88383717, 2000)
04-10 03:31:11.769  7877  9544 D EadLuxController: calculateAmbientLux(88383717, 2000)
04-10 03:31:11.769  7877  9544 D EadLuxController: slowAmbientLux: 1.0 fastAmbientLux: 1.0 mAmbientBrighteningThreshold: 10.0 mAmbientDarkeningThreshold: -1.0 nextBrightenTransition: 88385717 nextDarkenTransition: 88385717 time: 88383717
04-10 03:31:11.769  7877  9544 D EadLuxController: updateAmbientLux: Scheduling ambient lux update for 8838571788385717 (in 1999 ms)
04-10 03:31:11.815  2121  6998 I sensors-hal: handle_sns_client_event:379, [0][4700768] accel_sample [-2.024, -0.310,  9.703] 193237266684058
04-10 03:31:11.836 11313 11332 D ContactPeriodicBgService: [C] Job is already in pending
04-10 03:31:11.839  3027  5251 I ActivityManager: Changes in 10123 19 to 8, 0 to 128
04-10 03:31:11.840 11313 11332 I ContactMonitoringBgService: [C] Schedule succeeded
04-10 03:31:11.841 11313 11329 I ContactMonitoringBgService: [C] cleaning restored duplicate is started
04-10 03:31:11.847 11313 11329 D CleanRestoredContactModel: [C] updated contact ids : 72
04-10 03:31:11.849 11313 11329 D CleanRestoredContactModel: [C] processed : 100 %
04-10 03:31:11.876  3027  5251 D SecContentProvider2: query(), uri = 18 selection = isCopyContactToSimAllowed
04-10 03:31:11.876  3027  5251 D SecContentProvider2: isCopyContactToSimAllowed = true
04-10 03:31:11.877 11313 11329 I TelephonyDataSource: [C] getSimState(0) : 5
04-10 03:31:11.877 11313 11329 I TelephonyDataSource: [C] isMultiSimModel multiSimConfig : dsds
04-10 03:31:11.877 11313 11329 I TelephonyDataSource: [C] slotId : 0CSim value : 0
04-10 03:31:11.877 11313 11329 I TelephonyDataSource: [C] slotId : 0CSim value : 0
04-10 03:31:11.877 11313 11329 I SimModel: [C] getSimType(0) : 2
04-10 03:31:11.877 11313 11329 I TelephonyDataSource: [C] slotId : 0CSim value : 0
04-10 03:31:11.877 11313 11329 I SimInfoModel: [C] getAnrConfigValueIncludingTSS20() salesCode : CHA
04-10 03:31:11.877 11313 11329 I TelephonyDataSource: [C] simSlot1Name: SIM 1
04-10 03:31:11.877 11313 11329 I SimInfoDataSource: [C] Create IccPhonebookManager instance and fill capa to array
04-10 03:31:11.880  3027  8019 D KNOX_MDM_SettingsProvider: isChangeAllowed() : name = sim_db_ready
04-10 03:31:11.880  3027  8019 D KNOX_MDM_SettingsProvider: edmUri: content://com.sec.knox.provider/RestrictionPolicy3
04-10 03:31:11.880  3027  8019 D KNOX_MDM_SettingsProvider: projectionArgs: isSettingsChangesAllowed
04-10 03:31:11.880  3027  8019 D KNOX_MDM_SettingsProvider: selectionArgs: false
04-10 03:31:11.880  3027  8019 D KNOX_MDM_SettingsProvider: selectionArgs: 10123
04-10 03:31:11.880  3027  8019 D SecContentProvider: query(), uri = 17 selection = isSettingsChangesAllowed
04-10 03:31:11.880  3027  8019 D SecContentProvider: called from com.samsung.android.app.contacts
04-10 03:31:11.880  3027  8019 D RestrictionPolicy: isSettingsChangesAllowedAsUser, userId 0 : true
04-10 03:31:11.880  3027  8019 D KNOX_MDM_SettingsProvider: ret = 1
04-10 03:31:11.880 11313 11329 I TelephonyDataSource: [C] getSimState(0) : 5
04-10 03:31:11.880 11313 11329 I SimInfoModel: [C] getMaxSimDbCount(0) : -1
04-10 03:31:11.880 11313 11329 I SimInfoModel: [C] isSimActivatedEnabled(0) return true : max = -1 EmailDbSupported :false
04-10 03:31:11.880 11313 11329 I TelephonyDataSource: [C] getSimState(0) : 5
04-10 03:31:11.880 11313 11329 I TelephonyDataSource: [C] isMultiSimModel multiSimConfig : dsds
04-10 03:31:11.880 11313 11329 I TelephonyDataSource: [C] slotId : 0CSim value : 0
04-10 03:31:11.880 11313 11329 I TelephonyDataSource: [C] slotId : 0CSim value : 0
04-10 03:31:11.880 11313 11329 I SimModel: [C] getSimType(0) : 2
04-10 03:31:11.880 11313 11329 I TelephonyDataSource: [C] slotId : 0CSim value : 0
04-10 03:31:11.880 11313 11329 I SimInfoModel: [C] getAnrConfigValueIncludingTSS20() salesCode : CHA
04-10 03:31:11.880 11313 11329 I TelephonyDataSource: [C] simSlot1Name: SIM 1
04-10 03:31:11.880 11313 11329 I SimInfoDataSource: [C] Create IccPhonebookManager instance and fill capa to array
04-10 03:31:11.882  3027  5159 D KNOX_MDM_SettingsProvider: isChangeAllowed() : name = sim_db_ready
04-10 03:31:11.882  3027  5159 D KNOX_MDM_SettingsProvider: edmUri: content://com.sec.knox.provider/RestrictionPolicy3
04-10 03:31:11.882  3027  5159 D KNOX_MDM_SettingsProvider: projectionArgs: isSettingsChangesAllowed
04-10 03:31:11.882  3027  5159 D KNOX_MDM_SettingsProvider: selectionArgs: false
04-10 03:31:11.882  3027  5159 D KNOX_MDM_SettingsProvider: selectionArgs: 10123
04-10 03:31:11.882  3027  5159 D SecContentProvider: query(), uri = 17 selection = isSettingsChangesAllowed
04-10 03:31:11.882  3027  5159 D SecContentProvider: called from com.samsung.android.app.contacts
04-10 03:31:11.882  3027  5159 D RestrictionPolicy: isSettingsChangesAllowedAsUser, userId 0 : true
04-10 03:31:11.882  3027  5159 D KNOX_MDM_SettingsProvider: ret = 1
04-10 03:31:11.882 11313 11329 I TelephonyDataSource: [C] getSimState(0) : 5
04-10 03:31:11.882 11313 11329 I SimInfoModel: [C] getMaxSimDbCount(0) : -1
04-10 03:31:11.882 11313 11329 I SimInfoModel: [C] isSimActivatedEnabled(0) return true : max = -1 EmailDbSupported :false
04-10 03:31:11.882 11313 11329 I TelephonyDataSource: [C] slotId : 0CSim value : 0
04-10 03:31:11.882 11313 11329 I SimModel: [C] getSimType(0) : 2
04-10 03:31:11.882 11313 11329 I TelephonyDataSource: [C] slotId : 0CSim value : 0
04-10 03:31:11.882 11313 11329 I SimInfoModel: [C] getAnrConfigValueIncludingTSS20() salesCode : CHA
04-10 03:31:11.882 11313 11329 I TelephonyDataSource: [C] simSlot1Name: SIM 1
04-10 03:31:11.882 11313 11329 I SimInfoDataSource: [C] Create IccPhonebookManager instance and fill capa to array
04-10 03:31:11.883  3027  8019 D KNOX_MDM_SettingsProvider: isChangeAllowed() : name = sim_db_ready
04-10 03:31:11.883  3027  8019 D KNOX_MDM_SettingsProvider: edmUri: content://com.sec.knox.provider/RestrictionPolicy3
04-10 03:31:11.883  3027  8019 D KNOX_MDM_SettingsProvider: projectionArgs: isSettingsChangesAllowed
04-10 03:31:11.883  3027  8019 D KNOX_MDM_SettingsProvider: selectionArgs: false
04-10 03:31:11.883  3027  8019 D KNOX_MDM_SettingsProvider: selectionArgs: 10123
04-10 03:31:11.883  3027  8019 D SecContentProvider: query(), uri = 17 selection = isSettingsChangesAllowed
04-10 03:31:11.883  3027  8019 D SecContentProvider: called from com.samsung.android.app.contacts
04-10 03:31:11.884  3027  8019 D RestrictionPolicy: isSettingsChangesAllowedAsUser, userId 0 : true
04-10 03:31:11.884  3027  8019 D KNOX_MDM_SettingsProvider: ret = 1
04-10 03:31:11.884 11313 11329 I TelephonyDataSource: [C] getSimState(0) : 5
04-10 03:31:11.884 11313 11329 I EsimUtil: [C] esimState MEP : this is esim , slot = 0
04-10 03:31:11.884 11313 11329 I TelephonyDataSource: [C] slotId : 0CSim value : 0
04-10 03:31:11.884 11313 11329 I SimModel: [C] getSimType(0) : 2
04-10 03:31:11.884 11313 11329 I TelephonyDataSource: [C] slotId : 0CSim value : 0
04-10 03:31:11.884 11313 11329 I SimInfoModel: [C] getAnrConfigValueIncludingTSS20() salesCode : CHA
04-10 03:31:11.884 11313 11329 I TelephonyDataSource: [C] simSlot1Name: SIM 1
04-10 03:31:11.884 11313 11329 I SimInfoDataSource: [C] Create IccPhonebookManager instance and fill capa to array
04-10 03:31:11.885  3027  8019 D KNOX_MDM_SettingsProvider: isChangeAllowed() : name = sim_db_ready
04-10 03:31:11.885  3027  8019 D KNOX_MDM_SettingsProvider: edmUri: content://com.sec.knox.provider/RestrictionPolicy3
04-10 03:31:11.885  3027  8019 D KNOX_MDM_SettingsProvider: projectionArgs: isSettingsChangesAllowed
04-10 03:31:11.885  3027  8019 D KNOX_MDM_SettingsProvider: selectionArgs: false
04-10 03:31:11.885  3027  8019 D KNOX_MDM_SettingsProvider: selectionArgs: 10123
04-10 03:31:11.885  3027  8019 D SecContentProvider: query(), uri = 17 selection = isSettingsChangesAllowed
04-10 03:31:11.885  3027  8019 D SecContentProvider: called from com.samsung.android.app.contacts
04-10 03:31:11.885  3027  8019 D RestrictionPolicy: isSettingsChangesAllowedAsUser, userId 0 : true
04-10 03:31:11.885  3027  8019 D KNOX_MDM_SettingsProvider: ret = 1
04-10 03:31:11.885 11313 11329 I TelephonyDataSource: [C] getSimState(0) : 5
04-10 03:31:11.886 11313 11329 I SimInfoModel: [C] getMaxSimDbCount(0) : -1
04-10 03:31:11.886 11313 11329 I TelephonyDataSource: [C] getSimState(1) : 5
04-10 03:31:11.886 11313 11329 I TelephonyDataSource: [C] isMultiSimModel multiSimConfig : dsds
04-10 03:31:11.886 11313 11329 I EsimUtil: [C] esimState MEP : this is esim , slot = 1
04-10 03:31:11.886 11313 11329 I TelephonyDataSource: [C] slotId : 1CSim value : 0
04-10 03:31:11.886 11313 11329 I TelephonyDataSource: [C] slotId : 1CSim value : 0
04-10 03:31:11.886 11313 11329 I SimModel: [C] getSimType(1) : 2
04-10 03:31:11.886 11313 11329 I TelephonyDataSource: [C] isMultiSimModel multiSimConfig : dsds
04-10 03:31:11.886 11313 11329 I TelephonyDataSource: [C] slotId : 1CSim value : 0
04-10 03:31:11.886 11313 11329 I SimInfoModel: [C] getAnrConfigValueIncludingTSS20() salesCode : CHA
04-10 03:31:11.886 11313 11329 I TelephonyDataSource: [C] simSlot2Name : eSIM 1
04-10 03:31:11.886 11313 11329 I SimInfoDataSource: [C] Create IccPhonebookManager instance and fill capa to array
04-10 03:31:11.888  3027  8019 D KNOX_MDM_SettingsProvider: isChangeAllowed() : name = sim2_db_ready
04-10 03:31:11.888  3027  8019 D KNOX_MDM_SettingsProvider: edmUri: content://com.sec.knox.provider/RestrictionPolicy3
04-10 03:31:11.888  3027  8019 D KNOX_MDM_SettingsProvider: projectionArgs: isSettingsChangesAllowed
04-10 03:31:11.888  3027  8019 D KNOX_MDM_SettingsProvider: selectionArgs: false
04-10 03:31:11.888  3027  8019 D KNOX_MDM_SettingsProvider: selectionArgs: 10123
04-10 03:31:11.888  3027  8019 D SecContentProvider: query(), uri = 17 selection = isSettingsChangesAllowed
04-10 03:31:11.888  3027  8019 D SecContentProvider: called from com.samsung.android.app.contacts
04-10 03:31:11.888  3027  8019 D RestrictionPolicy: isSettingsChangesAllowedAsUser, userId 0 : true
04-10 03:31:11.888  3027  8019 D KNOX_MDM_SettingsProvider: ret = 1
04-10 03:31:11.888 11313 11329 I TelephonyDataSource: [C] getSimState(1) : 5
04-10 03:31:11.888 11313 11329 I SimInfoModel: [C] getMaxSimDbCount(1) : -1
