04-10 03:31:11.888 11313 11329 I SimInfoModel: [C] isSimActivatedEnabled(1) return true : max = -1 EmailDbSupported :false
04-10 03:31:11.888 11313 11329 I TelephonyDataSource: [C] getSimState(1) : 5
04-10 03:31:11.888 11313 11329 I TelephonyDataSource: [C] isMultiSimModel multiSimConfig : dsds
04-10 03:31:11.889 11313 11329 I EsimUtil: [C] esimState MEP : this is esim , slot = 1
04-10 03:31:11.889 11313 11329 I TelephonyDataSource: [C] slotId : 1CSim value : 0
04-10 03:31:11.889 11313 11329 I TelephonyDataSource: [C] slotId : 1CSim value : 0
04-10 03:31:11.889 11313 11329 I SimModel: [C] getSimType(1) : 2
04-10 03:31:11.889 11313 11329 I TelephonyDataSource: [C] isMultiSimModel multiSimConfig : dsds
04-10 03:31:11.889 11313 11329 I TelephonyDataSource: [C] slotId : 1CSim value : 0
04-10 03:31:11.889 11313 11329 I SimInfoModel: [C] getAnrConfigValueIncludingTSS20() salesCode : CHA
04-10 03:31:11.889 11313 11329 I TelephonyDataSource: [C] simSlot2Name : eSIM 1
04-10 03:31:11.889 11313 11329 I SimInfoDataSource: [C] Create IccPhonebookManager instance and fill capa to array
04-10 03:31:11.891  3027  5251 D KNOX_MDM_SettingsProvider: isChangeAllowed() : name = sim2_db_ready
04-10 03:31:11.891  3027  5251 D KNOX_MDM_SettingsProvider: edmUri: content://com.sec.knox.provider/RestrictionPolicy3
04-10 03:31:11.891  3027  5251 D KNOX_MDM_SettingsProvider: projectionArgs: isSettingsChangesAllowed
04-10 03:31:11.891  3027  5251 D KNOX_MDM_SettingsProvider: selectionArgs: false
04-10 03:31:11.891  3027  5251 D KNOX_MDM_SettingsProvider: selectionArgs: 10123
04-10 03:31:11.891  3027  5251 D SecContentProvider: query(), uri = 17 selection = isSettingsChangesAllowed
04-10 03:31:11.891  3027  5251 D SecContentProvider: called from com.samsung.android.app.contacts
04-10 03:31:11.891  3027  5251 D RestrictionPolicy: isSettingsChangesAllowedAsUser, userId 0 : true
04-10 03:31:11.891  3027  5251 D KNOX_MDM_SettingsProvider: ret = 1
04-10 03:31:11.891 11313 11329 I TelephonyDataSource: [C] getSimState(1) : 5
04-10 03:31:11.891 11313 11329 I SimInfoModel: [C] getMaxSimDbCount(1) : -1
04-10 03:31:11.891 11313 11329 I SimInfoModel: [C] isSimActivatedEnabled(1) return true : max = -1 EmailDbSupported :false
04-10 03:31:11.891 11313 11329 I TelephonyDataSource: [C] slotId : 1CSim value : 0
04-10 03:31:11.891 11313 11329 I SimModel: [C] getSimType(1) : 2
04-10 03:31:11.891 11313 11329 I TelephonyDataSource: [C] isMultiSimModel multiSimConfig : dsds
04-10 03:31:11.891 11313 11329 I TelephonyDataSource: [C] slotId : 1CSim value : 0
04-10 03:31:11.891 11313 11329 I SimInfoModel: [C] getAnrConfigValueIncludingTSS20() salesCode : CHA
04-10 03:31:11.891 11313 11329 I TelephonyDataSource: [C] simSlot2Name : eSIM 1
04-10 03:31:11.891 11313 11329 I SimInfoDataSource: [C] Create IccPhonebookManager instance and fill capa to array
04-10 03:31:11.893  3027  5251 D KNOX_MDM_SettingsProvider: isChangeAllowed() : name = sim2_db_ready
04-10 03:31:11.893  3027  5251 D KNOX_MDM_SettingsProvider: edmUri: content://com.sec.knox.provider/RestrictionPolicy3
04-10 03:31:11.893  3027  5251 D KNOX_MDM_SettingsProvider: projectionArgs: isSettingsChangesAllowed
04-10 03:31:11.893  3027  5251 D KNOX_MDM_SettingsProvider: selectionArgs: false
04-10 03:31:11.893  3027  5251 D KNOX_MDM_SettingsProvider: selectionArgs: 10123
04-10 03:31:11.893  3027  5251 D SecContentProvider: query(), uri = 17 selection = isSettingsChangesAllowed
04-10 03:31:11.893  3027  5251 D SecContentProvider: called from com.samsung.android.app.contacts
04-10 03:31:11.893  3027  5251 D RestrictionPolicy: isSettingsChangesAllowedAsUser, userId 0 : true
04-10 03:31:11.893  3027  5251 D KNOX_MDM_SettingsProvider: ret = 1
04-10 03:31:11.893 11313 11329 I TelephonyDataSource: [C] getSimState(1) : 5
04-10 03:31:11.893 11313 11329 I EsimUtil: [C] esimState MEP : this is esim , slot = 1
04-10 03:31:11.893 11313 11329 I TelephonyDataSource: [C] slotId : 1CSim value : 0
04-10 03:31:11.893 11313 11329 I SimModel: [C] getSimType(1) : 2
04-10 03:31:11.893 11313 11329 I TelephonyDataSource: [C] isMultiSimModel multiSimConfig : dsds
04-10 03:31:11.893 11313 11329 I TelephonyDataSource: [C] slotId : 1CSim value : 0
04-10 03:31:11.893 11313 11329 I SimInfoModel: [C] getAnrConfigValueIncludingTSS20() salesCode : CHA
04-10 03:31:11.893 11313 11329 I TelephonyDataSource: [C] simSlot2Name : eSIM 1
04-10 03:31:11.893 11313 11329 I SimInfoDataSource: [C] Create IccPhonebookManager instance and fill capa to array
04-10 03:31:11.895  3027  5251 D KNOX_MDM_SettingsProvider: isChangeAllowed() : name = sim2_db_ready
04-10 03:31:11.895  3027  5251 D KNOX_MDM_SettingsProvider: edmUri: content://com.sec.knox.provider/RestrictionPolicy3
04-10 03:31:11.895  3027  5251 D KNOX_MDM_SettingsProvider: projectionArgs: isSettingsChangesAllowed
04-10 03:31:11.895  3027  5251 D KNOX_MDM_SettingsProvider: selectionArgs: false
04-10 03:31:11.895  3027  5251 D KNOX_MDM_SettingsProvider: selectionArgs: 10123
04-10 03:31:11.895  3027  5251 D SecContentProvider: query(), uri = 17 selection = isSettingsChangesAllowed
04-10 03:31:11.895  3027  5251 D SecContentProvider: called from com.samsung.android.app.contacts
04-10 03:31:11.895  3027  5251 D RestrictionPolicy: isSettingsChangesAllowedAsUser, userId 0 : true
04-10 03:31:11.895  3027  5251 D KNOX_MDM_SettingsProvider: ret = 1
04-10 03:31:11.895 11313 11329 I TelephonyDataSource: [C] getSimState(1) : 5
04-10 03:31:11.895 11313 11329 I SimInfoModel: [C] getMaxSimDbCount(1) : -1
04-10 03:31:11.895 11313 11329 I AccountTypeModel: [C] exclude:true |SIM1:unready
04-10 03:31:11.912 11313 11439 D ProfileInstaller: Skipping profile installation for com.samsung.android.app.contacts
04-10 03:31:11.928  7877  9544 D EadLuxController: mAmbientLightRingBuffer.push(88383877, 1.0)
04-10 03:31:11.928  7877  9544 D EadLuxController: mAmbientLightRingBuffer.toString() - [1.0 / 80ms, 1.0 / 160ms, 1.0 / 160ms, 1.0 / 160ms, 1.0 / 160ms, 1.0 / 160ms, 1.0 / 161ms, 1.0 / 159ms, 1.0 / 160ms, 1.0 / 160ms, 1.0 / 160ms, 1.0 / 160ms, 1.0 / 160ms, 1.0 / 160ms, 1.0 / 160ms, 1.0 / 160ms, 1.0 / 160ms, 1.0 / 160ms, 1.0 / 160ms, 1.0 / 160ms, 1.0 / 160ms, 1.0 / 160ms, 1.0 / 160ms, 1.0 / 160ms, 1.0 / 160ms, 1.0 / 160ms, 1.0 / 160ms, 1.0 / 160ms, 1.0 / 160ms, 1.0 / 160ms, 1.0 / 160ms, 1.0 / 160ms, 1.0 / 160ms, 1.0 / 160ms, 1.0 / 160ms, 1.0 / 160ms, 1.0 / 160ms, 1.0 / 160ms, 1.0 / 160ms, 1.0 / 160ms, 1.0 / 160ms, 1.0 / 161ms, 1.0 / 160ms, 1.0 / 159ms, 1.0 / 160ms, 1.0 / 160ms, 1.0 / 160ms, 1.0 / 160ms, 1.0 / 160ms, 1.0 / 160ms, 1.0 / 160ms, 1.0 / 160ms, 1.0 / 160ms, 1.0 / 160ms, 1.0 / 160ms, 1.0 / 160ms, 1.0 / 160ms, 1.0 / 160ms, 1.0 / 160ms, 1.0 / 161ms, 1.0 / 159ms, 1.0 / 160ms, 1.0 / 160ms, 1.0 / 0ms]
04-10 03:31:11.928  7877  9544 D EadLuxController: mAmbientLuxValid: true
04-10 03:31:11.928  7877  9544 D EadLuxController: calculateAmbientLux(88383877, 10000)
04-10 03:31:11.928  7877  9544 D EadLuxController: calculateAmbientLux(88383877, 10000)
04-10 03:31:11.928  7877  9544 D EadLuxController: calculateAmbientLux(88383877, 2000)
04-10 03:31:11.928  7877  9544 D EadLuxController: calculateAmbientLux(88383877, 2000)
04-10 03:31:11.928  7877  9544 D EadLuxController: slowAmbientLux: 1.0 fastAmbientLux: 1.0 mAmbientBrighteningThreshold: 10.0 mAmbientDarkeningThreshold: -1.0 nextBrightenTransition: 88385877 nextDarkenTransition: 88385877 time: 88383877
04-10 03:31:11.928  7877  9544 D EadLuxController: updateAmbientLux: Scheduling ambient lux update for 8838587788385877 (in 2000 ms)
04-10 03:31:11.961 11313 11329 I ContactMonitoringBgService: [C] cleaning restored duplicate takes 120
04-10 03:31:11.961 11313 11329 I ContactMonitoringBgService: [C] cleaning restored duplicate is completed
04-10 03:31:11.962  3027  5251 I ActivityManager: Changes in 10123 8 to 10, 128 to 0
04-10 03:31:11.963 11313 11345 I ContactMonitoringBgService: [C] Schedule succeeded
04-10 03:31:11.965  3027  3194 D PowerManagerService: displayReady: false groupId=0
04-10 03:31:11.965  3027  3194 D DisplayPowerController[0]: animateScreenStateChange: target=ON, mIsEnabled=true
04-10 03:31:11.965  3027  3194 D PowerManagerService: displayReady: true groupId=0
04-10 03:31:11.974 11313 11317 W id.app.contacts: userfaultfd: MOVE ioctl seems unsupported: Connection timed out
04-10 03:31:11.975  3027  4457 I BatteryService_BatteryPropertiesRegistrar: [getProperty]id:6
04-10 03:31:11.975  3027  4457 I BatteryService_BatteryPropertiesRegistrar: [getProperty]prop.long:-9223372036854775808 ,prop.string:null
04-10 03:31:11.975  3027  4457 I BatteryService_BatteryPropertiesRegistrar: [getProperty]id:4
04-10 03:31:11.975  3027  4457 I BatteryService_BatteryPropertiesRegistrar: [getProperty]prop.long:-9223372036854775808 ,prop.string:null
04-10 03:31:11.975  3027  4457 I SemWifiIntelligentTrainingManager: Tr. cond. check: true / 1 (2) / true / 1 (1)
04-10 03:31:11.975  3027  4457 I BatteryService_BatteryPropertiesRegistrar: [getProperty]id:6
04-10 03:31:11.975  3027  4457 I BatteryService_BatteryPropertiesRegistrar: [getProperty]prop.long:-9223372036854775808 ,prop.string:null
04-10 03:31:11.975  3027  4457 I BatteryService_BatteryPropertiesRegistrar: [getProperty]id:4
04-10 03:31:11.975  3027  4457 I BatteryService_BatteryPropertiesRegistrar: [getProperty]prop.long:-9223372036854775808 ,prop.string:null
04-10 03:31:12.026 10309 10420 V SOH_SERVICE: Battery 0 : BattData { voltage:4.076, current:0.310937, soc:0.74, temperature:35.9, status:2, timestamp:1775809872023}
04-10 03:31:12.081  2186  2274 E HeatmapThread: ECT Thread time in milliseconds: 1775809872
04-10 03:31:12.083  2186  2274 D HeatmapThread: !@ batteryplugType : 2
04-10 03:31:12.083  2186  2274 D HeatmapThread: !@ batteryLevel : 74  batteryTemperature : 359 
04-10 03:31:12.083  2186  2274 D HeatmapThread: !@ Heatmap currtime: 29596831
04-10 03:31:12.083  2186  2274 D HeatmapThread: !@ Heatmap prevtime: 29596804
04-10 03:31:12.083  2186  2274 D HeatmapThread: !@ Heatmap plugstarttime: 29596824
04-10 03:31:12.083  2186  2274 D HeatmapThread: !@ Heatmap prevv_dsoh_update_time: 29596399
04-10 03:31:12.083  2186  2274 E HeatmapThread: !@ CAM New BSOH: 100
04-10 03:31:12.084  3027  4460 I SemWifiCtlFeatureMediator: Trf ratio: 0.0% (0.02 / 575.67) v ( NR) || Query: BW false (false) 1.0 1.0 1.0 / NSS true (false) 1.0 1.0 1.0 
04-10 03:31:12.088  7877  9544 D EadLuxController: mAmbientLightRingBuffer.push(88384037, 1.0)
04-10 03:31:12.088  7877  9544 D EadLuxController: mAmbientLightRingBuffer.toString() - [1.0 / 80ms, 1.0 / 160ms, 1.0 / 160ms, 1.0 / 160ms, 1.0 / 160ms, 1.0 / 161ms, 1.0 / 159ms, 1.0 / 160ms, 1.0 / 160ms, 1.0 / 160ms, 1.0 / 160ms, 1.0 / 160ms, 1.0 / 160ms, 1.0 / 160ms, 1.0 / 160ms, 1.0 / 160ms, 1.0 / 160ms, 1.0 / 160ms, 1.0 / 160ms, 1.0 / 160ms, 1.0 / 160ms, 1.0 / 160ms, 1.0 / 160ms, 1.0 / 160ms, 1.0 / 160ms, 1.0 / 160ms, 1.0 / 160ms, 1.0 / 160ms, 1.0 / 160ms, 1.0 / 160ms, 1.0 / 160ms, 1.0 / 160ms, 1.0 / 160ms, 1.0 / 160ms, 1.0 / 160ms, 1.0 / 160ms, 1.0 / 160ms, 1.0 / 160ms, 1.0 / 160ms, 1.0 / 160ms, 1.0 / 161ms, 1.0 / 160ms, 1.0 / 159ms, 1.0 / 160ms, 1.0 / 160ms, 1.0 / 160ms, 1.0 / 160ms, 1.0 / 160ms, 1.0 / 160ms, 1.0 / 160ms, 1.0 / 160ms, 1.0 / 160ms, 1.0 / 160ms, 1.0 / 160ms, 1.0 / 160ms, 1.0 / 160ms, 1.0 / 160ms, 1.0 / 160ms, 1.0 / 161ms, 1.0 / 159ms, 1.0 / 160ms, 1.0 / 160ms, 1.0 / 160ms, 1.0 / 0ms]
04-10 03:31:12.088  7877  9544 D EadLuxController: mAmbientLuxValid: true
04-10 03:31:12.088  7877  9544 D EadLuxController: calculateAmbientLux(88384037, 10000)
04-10 03:31:12.088  7877  9544 D EadLuxController: calculateAmbientLux(88384037, 10000)
04-10 03:31:12.088  7877  9544 D EadLuxController: calculateAmbientLux(88384037, 2000)
04-10 03:31:12.088  7877  9544 D EadLuxController: calculateAmbientLux(88384037, 2000)
04-10 03:31:12.088  7877  9544 D EadLuxController: slowAmbientLux: 1.0 fastAmbientLux: 1.0 mAmbientBrighteningThreshold: 10.0 mAmbientDarkeningThreshold: -1.0 nextBrightenTransition: 88386037 nextDarkenTransition: 88386037 time: 88384037
04-10 03:31:12.088  7877  9544 D EadLuxController: updateAmbientLux: Scheduling ambient lux update for 8838603788386037 (in 2000 ms)
04-10 03:31:12.126  2112  6363 I vendor.qti.bluetooth@1.0-ibs_handler: ProcessIbsCmd: Received IBS_WAKE_IND: 0xFD
04-10 03:31:12.126  2112  6363 D vendor.qti.bluetooth@1.0-ibs_handler: SerialClockVote: vote for UART CLK ON
04-10 03:31:12.126  2112  6363 D vendor.qti.bluetooth@1.0-wake_lock: Acquire wakelock is acquired 
04-10 03:31:12.126  2112  6363 I vendor.qti.bluetooth@1.0-ibs_handler: ProcessIbsCmd: Writing IBS_WAKE_ACK
04-10 03:31:12.133  4984  5458 W bt_btm_pm: system/stack/acl/btm_pm.cc:729 btm_pm_proc_mode_change: Power mode switched from immediate:active[0] to immediate:sniff[2]
04-10 03:31:12.165  3027  3194 D PowerManagerService: displayReady: false groupId=0
04-10 03:31:12.166  3027  3194 D DisplayPowerController[0]: animateScreenStateChange: target=ON, mIsEnabled=true
04-10 03:31:12.166  3027  3194 D PowerManagerService: displayReady: true groupId=0
04-10 03:31:12.175  2112  6363 I vendor.qti.bluetooth@1.0-ibs_handler: ProcessIbsCmd: Received IBS_SLEEP_IND: 0xFE
04-10 03:31:12.175  2112  6363 D vendor.qti.bluetooth@1.0-ibs_handler: SerialClockVote: vote for UART CLK OFF
04-10 03:31:12.248  7877  9544 D EadLuxController: mAmbientLightRingBuffer.push(88384197, 1.0)
04-10 03:31:12.249  7877  9544 D EadLuxController: mAmbientLightRingBuffer.toString() - [1.0 / 80ms, 1.0 / 160ms, 1.0 / 160ms, 1.0 / 160ms, 1.0 / 161ms, 1.0 / 159ms, 1.0 / 160ms, 1.0 / 160ms, 1.0 / 160ms, 1.0 / 160ms, 1.0 / 160ms, 1.0 / 160ms, 1.0 / 160ms, 1.0 / 160ms, 1.0 / 160ms, 1.0 / 160ms, 1.0 / 160ms, 1.0 / 160ms, 1.0 / 160ms, 1.0 / 160ms, 1.0 / 160ms, 1.0 / 160ms, 1.0 / 160ms, 1.0 / 160ms, 1.0 / 160ms, 1.0 / 160ms, 1.0 / 160ms, 1.0 / 160ms, 1.0 / 160ms, 1.0 / 160ms, 1.0 / 160ms, 1.0 / 160ms, 1.0 / 160ms, 1.0 / 160ms, 1.0 / 160ms, 1.0 / 160ms, 1.0 / 160ms, 1.0 / 160ms, 1.0 / 160ms, 1.0 / 161ms, 1.0 / 160ms, 1.0 / 159ms, 1.0 / 160ms, 1.0 / 160ms, 1.0 / 160ms, 1.0 / 160ms, 1.0 / 160ms, 1.0 / 160ms, 1.0 / 160ms, 1.0 / 160ms, 1.0 / 160ms, 1.0 / 160ms, 1.0 / 160ms, 1.0 / 160ms, 1.0 / 160ms, 1.0 / 160ms, 1.0 / 160ms, 1.0 / 161ms, 1.0 / 159ms, 1.0 / 160ms, 1.0 / 160ms, 1.0 / 160ms, 1.0 / 160ms, 1.0 / 0ms]
04-10 03:31:12.249  7877  9544 D EadLuxController: mAmbientLuxValid: true
04-10 03:31:12.249  7877  9544 D EadLuxController: calculateAmbientLux(88384197, 10000)
04-10 03:31:12.249  7877  9544 D EadLuxController: calculateAmbientLux(88384197, 10000)
04-10 03:31:12.249  7877  9544 D EadLuxController: calculateAmbientLux(88384197, 2000)
04-10 03:31:12.249  7877  9544 D EadLuxController: calculateAmbientLux(88384197, 2000)
04-10 03:31:12.249  7877  9544 D EadLuxController: slowAmbientLux: 1.0 fastAmbientLux: 1.0 mAmbientBrighteningThreshold: 10.0 mAmbientDarkeningThreshold: -1.0 nextBrightenTransition: 88386197 nextDarkenTransition: 88386197 time: 88384197
04-10 03:31:12.249  7877  9544 D EadLuxController: updateAmbientLux: Scheduling ambient lux update for 8838619788386197 (in 1999 ms)
04-10 03:31:12.325  2112  5467 D vendor.qti.bluetooth@1.0-wake_lock: Release wakelock is released 
04-10 03:31:12.365  3027  3194 D PowerManagerService: displayReady: false groupId=0
04-10 03:31:12.366  3027  3194 D DisplayPowerController[0]: animateScreenStateChange: target=ON, mIsEnabled=true
04-10 03:31:12.366  3027  3194 D PowerManagerService: displayReady: true groupId=0
04-10 03:31:12.389  2555  2555 I CNSS    : /sys/wifi/max_chipset_log_size doesn't exist
04-10 03:31:12.390  2020  2020 D Zygote  : Forked child process 11440
04-10 03:31:12.390  3027  3137 I ActivityManager: Start proc 11440:com.samsung.android.mobileservice/u0a124 for service {com.samsung.android.mobileservice/com.samsung.android.mobileservice.social.buddy.account.presentation.service.ContactObserverService}
04-10 03:31:12.390  3027  3137 I ActivityManager: ProcessObserver broadcast disabled
04-10 03:31:12.408  7877  9544 D EadLuxController: mAmbientLightRingBuffer.push(88384357, 1.0)
04-10 03:31:12.408  7877  9544 D EadLuxController: mAmbientLightRingBuffer.toString() - [1.0 / 80ms, 1.0 / 160ms, 1.0 / 160ms, 1.0 / 161ms, 1.0 / 159ms, 1.0 / 160ms, 1.0 / 160ms, 1.0 / 160ms, 1.0 / 160ms, 1.0 / 160ms, 1.0 / 160ms, 1.0 / 160ms, 1.0 / 160ms, 1.0 / 160ms, 1.0 / 160ms, 1.0 / 160ms, 1.0 / 160ms, 1.0 / 160ms, 1.0 / 160ms, 1.0 / 160ms, 1.0 / 160ms, 1.0 / 160ms, 1.0 / 160ms, 1.0 / 160ms, 1.0 / 160ms, 1.0 / 160ms, 1.0 / 160ms, 1.0 / 160ms, 1.0 / 160ms, 1.0 / 160ms, 1.0 / 160ms, 1.0 / 160ms, 1.0 / 160ms, 1.0 / 160ms, 1.0 / 160ms, 1.0 / 160ms, 1.0 / 160ms, 1.0 / 160ms, 1.0 / 161ms, 1.0 / 160ms, 1.0 / 159ms, 1.0 / 160ms, 1.0 / 160ms, 1.0 / 160ms, 1.0 / 160ms, 1.0 / 160ms, 1.0 / 160ms, 1.0 / 160ms, 1.0 / 160ms, 1.0 / 160ms, 1.0 / 160ms, 1.0 / 160ms, 1.0 / 160ms, 1.0 / 160ms, 1.0 / 160ms, 1.0 / 160ms, 1.0 / 161ms, 1.0 / 159ms, 1.0 / 160ms, 1.0 / 160ms, 1.0 / 160ms, 1.0 / 160ms, 1.0 / 160ms, 1.0 / 0ms]
04-10 03:31:12.408  7877  9544 D EadLuxController: mAmbientLuxValid: true
04-10 03:31:12.408  7877  9544 D EadLuxController: calculateAmbientLux(88384357, 10000)
04-10 03:31:12.408  7877  9544 D EadLuxController: calculateAmbientLux(88384357, 10000)
04-10 03:31:12.408  7877  9544 D EadLuxController: calculateAmbientLux(88384357, 2000)
04-10 03:31:12.408  7877  9544 D EadLuxController: calculateAmbientLux(88384357, 2000)
04-10 03:31:12.408  7877  9544 D EadLuxController: slowAmbientLux: 1.0 fastAmbientLux: 1.0 mAmbientBrighteningThreshold: 10.0 mAmbientDarkeningThreshold: -1.0 nextBrightenTransition: 88386357 nextDarkenTransition: 88386357 time: 88384357
04-10 03:31:12.408  7877  9544 D EadLuxController: updateAmbientLux: Scheduling ambient lux update for 8838635788386357 (in 2000 ms)
04-10 03:31:12.408 11440 11440 I d.mobileservice: Using CollectorTypeCMC GC.
04-10 03:31:12.412 11440 11440 D nativeloader: Load libframework-connectivity-tiramisu-jni.so using APEX ns com_android_tethering for caller /apex/com.android.tethering/javalib/framework-connectivity-t.jar: ok
04-10 03:31:12.413 11440 11440 D ActivityThread: setConscryptValidator
04-10 03:31:12.414 11440 11440 D ActivityThread: setConscryptValidator - put
04-10 03:31:12.418  7033  7077 V OsAgent : broadcastSystemEvent - 7
04-10 03:31:12.421 11440 11440 D ApplicationLoaders: Returning zygote-cached class loader: /system/framework/org.apache.http.legacy.jar
04-10 03:31:12.421 11440 11440 D ApplicationLoaders: Returning zygote-cached class loader: /system/framework/android.test.base.jar
04-10 03:31:12.428 11440 11440 D nativeloader: Configuring clns-9 for other apk /system/framework/android.test.mock.jar. target_sdk_version=36, uses_libraries=ALL, library_path=/data/app/~~xVfRrGm0-wweNz8gBHWS5w==/com.samsung.android.mobileservice-RZ6UXMeglCTLT7odg4_25w==/lib/arm64:/data/app/~~xVfRrGm0-wweNz8gBHWS5w==/com.samsung.android.mobileservice-RZ6UXMeglCTLT7odg4_25w==/base.apk!/lib/arm64-v8a, permitted_path=/data:/mnt/expand:/data/user/0/com.samsung.android.mobileservice
04-10 03:31:12.428 11440 11440 D nativeloader: Extending system_exposed_libraries: libhumantracking.arcsoft.so:libface_recognition.arcsoft.so:libpic_best.arcsoft.so:libPortraitDistortionCorrection.arcsoft.so:libPortraitDistortionCorrectionCali.arcsoft.so:libface_landmark.arcsoft.so:libFacialStickerEngine.arcsoft.so:libfrtracking_engine.arcsoft.so:libFaceRecognition.arcsoft.so:libveengine.arcsoft.so:lib_pet_detection.arcsoft.so:libae_bracket_hdr.arcsoft.so:libhybrid_high_dynamic_range.arcsoft.so:libimage_enhancement.arcsoft.so:libFacialAttributeDetection.arcsoft.so:libobjectcapture_jni.arcsoft.so:libobjectcapture.arcsoft.so:libmultisourceseparator.audio.samsung.so:libaudiomirroring_jni.audiomirroring.samsung.so:libBeauty_v4.camera.samsung.so:libexifa.camera.samsung.so:libjpega.camera.samsung.so:libOpenCv.camera.samsung.so:libAIDeflicker.camera.samsung.so:libaifrcInterface.camera.samsung.so:libBestPhoto.camera.samsung.so:libC2paDps.camera.samsung.so:libVideoClassifier.camera.samsung.so:libImageScreener.camera.samsung.so:libMyFilter.camera.samsung.so:libtfl
04-10 03:31:12.429 11440 11440 D ApplicationLoaders: Returning zygote-cached class loader: /system_ext/framework/androidx.window.extensions.jar
04-10 03:31:12.429 11440 11440 D ApplicationLoaders: Returning zygote-cached class loader: /system_ext/framework/androidx.window.sidecar.jar
04-10 03:31:12.440 11440 11440 D nativeloader: Configuring clns-10 for other apk /data/app/~~xVfRrGm0-wweNz8gBHWS5w==/com.samsung.android.mobileservice-RZ6UXMeglCTLT7odg4_25w==/base.apk. target_sdk_version=36, uses_libraries=, library_path=/data/app/~~xVfRrGm0-wweNz8gBHWS5w==/com.samsung.android.mobileservice-RZ6UXMeglCTLT7odg4_25w==/lib/arm64:/data/app/~~xVfRrGm0-wweNz8gBHWS5w==/com.samsung.android.mobileservice-RZ6UXMeglCTLT7odg4_25w==/base.apk!/lib/arm64-v8a, permitted_path=/data:/mnt/expand:/data/user/0/com.samsung.android.mobileservice
04-10 03:31:12.451 11440 11440 V GraphicsEnvironment: Currently set values for:
04-10 03:31:12.451 11440 11440 V GraphicsEnvironment:   angle_gl_driver_selection_pkgs=[]
04-10 03:31:12.451 11440 11440 V GraphicsEnvironment:   angle_gl_driver_selection_values=[]
04-10 03:31:12.451 11440 11440 V GraphicsEnvironment: com.samsung.android.mobileservice is not listed in per-application setting
04-10 03:31:12.451 11440 11440 V GraphicsEnvironment: ANGLE allowlist from config: 
04-10 03:31:12.451 11440 11440 V GraphicsEnvironment: com.samsung.android.mobileservice is not listed in ANGLE allowlist or settings, returning default
04-10 03:31:12.472 11440 11440 I FirebaseApp: Device unlocked: initializing all Firebase APIs for app [DEFAULT]
04-10 03:31:12.476 11440 11455 E ashmem  : Pinning is deprecated since Android Q. Please use trim or other methods.
04-10 03:31:12.477 11440 11440 I FirebaseInitProvider: FirebaseApp initialization successful
04-10 03:31:12.478 11440 11440 D DIAGMON_SDK[605079]: setDeviceId : 
04-10 03:31:12.479 11440 11440 E SEMS:Social_13.8.52: [GLog][main][GroupDBHelper] Instance null
04-10 03:31:12.484 11440 11440 I SEMS:Social_13.8.52: [DataSyncLog][main][DataSyncProvider] onCreate
04-10 03:31:12.487  1077  1077 D io_stats: !@   8,0 r 50826725 947716804 w 7422830 186464064 d 1025883 193132752 f 208084 643164 iot 3135024 0 th 0 0 0 pt 0 inp 0 1 88384.436
04-10 03:31:12.487  1077  1077 D io_stats: !@ Read_top(KB): .gms.persistent:high(8324) 20024 d.mobileservice:high(11440) 14984 le.watch7plugin:high(8978) 7128
04-10 03:31:12.487  1077  1077 D io_stats: !@ Write_top(KB): kworker/u17:4:/(31680) 2912 .android.chrome:low(10312) 320 rum.cm.headless:high(17434) 52
04-10 03:31:12.488 11440 11440 I SEMS:Social_13.8.52: [BLog][main][BuddyProvider] onCreate
04-10 03:31:12.495 11440 11440 I SEMS:LocalContact_13.0.02: [ContactLog][main][MobileServiceContactHash] registerDeviceApi
04-10 03:31:12.495 11440 11440 I SEMS:LocalContact_13.0.02: [ContactLog][main][MobileServiceContactHash] registerDeviceApi complete
04-10 03:31:12.497 11440 11440 I SEMS:DataAdapter_13.8.52: [][main][ServerInterface] isEnforceStgServer:false
04-10 03:31:12.498 11440 11440 I SEMS:AgentLog_13.8.52: [][main][MobileServiceApplication] onCreate
04-10 03:31:12.498 11440 11440 I DIAGMON_SDK[605079]: DiagMonAgent type: 2
04-10 03:31:12.498 11440 11440 D DIAGMON_SDK[605079][sebzp6l7wd] : setConfiguration type : DEFAULT
04-10 03:31:12.498 11440 11440 I DIAGMON_SDK[605079][sebzp6l7wd] : generated SR object
04-10 03:31:12.499 11440 11440 D DIAGMON_SDK[605079][sebzp6l7wd] : Diagmon Logger Init
04-10 03:31:12.499 11440 11440 D DIAGMON_SDK[605079][sebzp6l7wd] : CRASH_LOG_PATH : /data/user/0/com.samsung.android.mobileservice/exception/diagmon.log
04-10 03:31:12.499 11440 11440 D DIAGMON_SDK[605079][sebzp6l7wd] : EVENT_LOG_PATH : /data/user/0/com.samsung.android.mobileservice/exception/diagmon_event.log
04-10 03:31:12.499 11440 11440 D DIAGMON_SDK[605079][sebzp6l7wd] : THREAD_STACK_LOG_PATH : /data/user/0/com.samsung.android.mobileservice/exception/diagmon_thread.log
04-10 03:31:12.499 11440 11440 D DIAGMON_SDK[605079][sebzp6l7wd] : MEMORY_LOG_PATH : /data/user/0/com.samsung.android.mobileservice/exception/diagmon_memory.log
04-10 03:31:12.499 11440 11440 D DIAGMON_SDK[605079][sebzp6l7wd] : STORAGE_LOG_PATH : /data/user/0/com.samsung.android.mobileservice/exception/diagmon_storage.log
04-10 03:31:12.500 11440 11440 I SEMS:Common_13.8.52: [CommonLog][main][MobileServiceCommon] init
04-10 03:31:12.500 11440 11440 I SEMS:Common_13.8.52: [CommonLog][main][SALogger] Init SamsungAnalytics Start
04-10 03:31:12.500 11440 11440 I SamsungAnalytics605079: Tracker start:6.05.079
04-10 03:31:12.501 11440 11440 I SEMS:Common_13.8.52: [CommonLog][main][SALogger] Init SamsungAnalytics Completed
04-10 03:31:12.501 11440 11440 I SEMS:DataAdapter_13.8.52: [][main][MobileServiceDataAdapter] init
04-10 03:31:12.501 11440 11440 I SEMS:DataAdapter_13.8.52: [][main][ServerInterface] isEnforceStgServer:false
04-10 03:31:12.501 11440 11465 D SamsungAnalytics605079: do not send setting < 1day
04-10 03:31:12.501 11440 11440 I SEMS:SupportedService_13.8.52: [][main][MobileServiceSupportedService] init
04-10 03:31:12.501 11440 11440 I SEMS:SupportedService_13.8.52: [][main][MobileServiceState] init
04-10 03:31:12.501 11440 11440 I SEMS:SupportedService_13.8.52: [][main][MobileServiceState] registerServiceState done
04-10 03:31:12.501 11440 11465 D SamsungAnalytics605079: [PropertyLogBuildClient] No Property log
04-10 03:31:12.501 11440 11465 I SamsungAnalytics605079: register setting status
04-10 03:31:12.501 11440 11465 D SamsungAnalytics605079: do not send setting < 1day
04-10 03:31:12.502 11440 11440 I SEMS:SupportedService_13.8.52: [][main][ServerDomainPolicy] updateServerDomain
04-10 03:31:12.502 11440 11440 I SEMS:SupportedService_13.8.52: [][main][SettingPolicy] loadSetting
04-10 03:31:12.502 11440 11440 I SEMS:Registration_13.8.52: [AgreementLog][main][MobileServiceAgreement] init.
04-10 03:31:12.503 11440 11440 I SEMS:Registration_13.8.52: [AuthLog][main][ServiceNumber] init
04-10 03:31:12.503 11440 11470 I SEMS:Registration_13.8.52: [AgreementLog][RxCachedThreadScheduler-3][MobileServiceAgreement] cancelTermsCheckJobService
04-10 03:31:12.503 11440 11470 I SEMS:Registration_13.8.52: [AgreementLog][RxCachedThreadScheduler-3][MobileServiceAgreement] cancelTermsCheckJobService completed
04-10 03:31:12.503 11440 11468 I SEMS:SupportedService_13.8.52: [][RxCachedThreadScheduler-2][ServerDomainPolicy] updateServerInterface: SocialServerDomainAddress  empty server domain
04-10 03:31:12.503 11440 11468 I SEMS:DataAdapter_13.8.52: [][RxCachedThreadScheduler-2][NetworkManager] removeAllSsfClient
04-10 03:31:12.503 11440 11468 I SEMS:SupportedService_13.8.52: [][RxCachedThreadScheduler-2][ServerDomainPolicy] updateServerInterface: ConsentServerDomainAddress  empty server domain
04-10 03:31:12.503 11440 11470 I SEMS:SupportedService_13.8.52: [][RxCachedThreadScheduler-3][SettingPolicy] updateSettingValues: {CalendarCleanDuplicateInterval=null}
04-10 03:31:12.503 11440 11470 I SEMS:SupportedService_13.8.52: [][RxCachedThreadScheduler-3][SettingPolicy] updateSettingValues: Setting {CalendarCleanDuplicateInterval=null}
04-10 03:31:12.503 11440 11470 I SEMS:SupportedService_13.8.52: [][RxCachedThreadScheduler-3][MobileServiceSupportedService] load success
04-10 03:31:12.525  1134  1134 W keymint_tee: [WRN]begin req PARAMS: A32, BM2, PD64, 
04-10 03:31:12.527  1134  1134 D keymint_swd: keymint_swd keymint [WRN] (km_add_tag:528) skip: non repetable tag already exists with different value: 268435458
04-10 03:31:12.527  1134  1134 D keymint_swd: keymint_swd keymint [WRN] (swd_run_cb:267) swd_begin() returns 0
04-10 03:31:12.528  1134  1134 D android.hardware.security.keymint-service: begin: ret 0
04-10 03:31:12.529  1119  1189 I keystore2: system/security/keystore2/src/security_level.rs:466 - In create_operation. Success to create IKeystoreOperation. 10124, None
04-10 03:31:12.530  1134  1134 D keymint_swd: keymint_swd keymint [WRN] (swd_run_cb:267) swd_update() returns 0
04-10 03:31:12.530  1134  1134 D android.hardware.security.keymint-service: update: ret 0
04-10 03:31:12.530  1134  1134 D keymint_swd: keymint_swd keymint [WRN] (swd_run_cb:267) swd_finish() returns 0
04-10 03:31:12.530  1134  1134 D android.hardware.security.keymint-service: finish: ret 0
04-10 03:31:12.531 11440 11467 I SEMS:Common_13.8.52: [CommonLog][RxCachedThreadScheduler-1][BaseSamsungAccountService] guid : lpΓûáΓûáΓûáΓûáΓûáixΓûá, at : CgΓûáΓûáΓûáΓûáΓûásyΓûá, issuedTime : 1775268900722
04-10 03:31:12.531 11440 11440 I SEMS:Registration_13.8.52: [PushLog][main][SmpManager] Instance created
04-10 03:31:12.532 11440 11440 I SEMS:Registration_13.8.52: [PushLog][main][SmpManager] registerTokenCallback
04-10 03:31:12.532 11440 11440 I SEMS:Registration_13.8.52: [AuthLog][main][ServiceNumber] VERSION : 13.8.52.5
04-10 03:31:12.532 11440 11440 I SEMS:Registration_13.8.52: [AgreementLog][main][MobileServiceAgreement] lateInit
04-10 03:31:12.532 11440 11440 I SEMS:Registration_13.8.52: [AgreementLog][main][AgreementPao] getPreference : key = force_reagree_for_korea_model / defaultValue = true / ret = false
04-10 03:31:12.532 11440 11440 I SEMS:Registration_13.8.52: [ActivateLog][main][MobileServiceActivate] lateInit
04-10 03:31:12.532 11440 11467 I SEMS:Common_13.8.52: [CommonLog][RxCachedThreadScheduler-1][NumberUtils] getIso3CCFromMCC : mcc = 311 / countryCode = USA
04-10 03:31:12.532 11440 11467 I SEMS:SupportedService_13.8.52: [][RxCachedThreadScheduler-1][MobileServiceSocialPolicy] MobileServiceSocialPolicy created
04-10 03:31:12.532 11440 11440 I SEMS:Common_13.8.52: [CommonLog][main][LocalBroadcastUtil] register
04-10 03:31:12.532 11440 11440 I SEMS:Registration_13.8.52: [ActivateLog][main][SocialActivateAccountBasedImpl] In reactivation check time, don't request reactivation
04-10 03:31:12.534 11440 11472 E SEMS:Social_13.8.52: [BLog][RxComputationThreadPool-1][ConditionRepositoryImpl] checkLegacy error
04-10 03:31:12.534 11440 11440 I SEMS:Social_13.8.52: [SLog][main][DateTakenMigrationTask] start checkAndRequestMigration : true
04-10 03:31:12.535 11440 11440 I SEMS:Social_13.8.52: [SLog][main][LastModifierMigrationTask] start checkAndRequestMigration : true
04-10 03:31:12.535 11440 11440 I SEMS:LocalContact_13.0.02: [ContactLog][main][MobileServiceContactHash] initForSep
04-10 03:31:12.535 11440 11440 I SEMS:LocalContact_13.0.02: [ContactLog][main][ContactHashObserverService] scheduleJob
04-10 03:31:12.535 11440 11472 I SEMS:Social_13.8.52: [BLog][RxComputationThreadPool-1][WorkerSourceImpl] schedule success
04-10 03:31:12.536 11440 11440 I SEMS:LocalContact_13.0.02: [ContactLog][main][ContactHashObserverService] schedule result: true
04-10 03:31:12.537 11440 11472 I SEMS:Social_13.8.52: [BLog][RxComputationThreadPool-1][MyProfileObserverService] schedule success
04-10 03:31:12.537 11440 11472 I SEMS:Registration_13.8.52: [PushLog][RxComputationThreadPool-1][SmpManager] registerMessageCallback - 9
04-10 03:31:12.537 11440 11472 I Policy_13.0.02: [RxComputationThreadPool-1][GetServicePolicyUseCase] getServicePolicy
04-10 03:31:12.537 11440 11440 I SEMS:LocalContact_13.0.02: [ContactLog][main][PreferenceSourceImpl] getContactLastUpdatedTime: 1775757537694
04-10 03:31:12.537 11440 11440 I SEMS:LocalContact_13.0.02: [ContactLog][main][MobileServiceContactHash] enqueueUpdateContactHashWorkerOnlyFirst complete
04-10 03:31:12.537 11440 11440 I SEMS:Social_13.8.52: [SAFLog][main][MobileServiceSAFamily] init.
04-10 03:31:12.537 11440 11440 I SEMS:Social_13.8.52: [CapabilityLog][main][MobileServiceCapabilityImpl] init.
04-10 03:31:12.537 11440 11440 I SEMS:Common_13.8.52: [CommonLog][main][PeriodicJobUtil] scheduleJob
04-10 03:31:12.537 11440 11440 I SEMS:Common_13.8.52: [CommonLog][main][PeriodicJobUtil] job service was already scheduled : 21600000
04-10 03:31:12.538 11440 11440 I SEMS:Social_13.8.52: [][main][MobileServiceSocialApplication] init start
04-10 03:31:12.538 11440 11468 I Policy_13.0.02: [RxCachedThreadScheduler-2][MobileServicePolicy] scheduleJob success : 86400000
04-10 03:31:12.538 11440 11468 D Policy_13.0.02: [RxCachedThreadScheduler-2][GetPolicyJobService] try to register policy polling job schedule period:86400000
04-10 03:31:12.538 11440 11468 I Policy_13.0.02: [RxCachedThreadScheduler-2][GetPolicyJobService] polling job service was already scheduled (from:86400000 to:86400000)
04-10 03:31:12.538 11440 11468 I SEMS:SupportedService_13.8.52: [][RxCachedThreadScheduler-2][MobileServiceSupportedService] MobileServiceSocialPolicy init completed
04-10 03:31:12.538 11440 11470 I SEMS:Social_13.8.52: [BLog][RxCachedThreadScheduler-3][WorkerSourceImpl] enqueuePeriodWorkers. hours: 24, replace: false
04-10 03:31:12.538 11440 11440 I SEMS:Registration_13.8.52: [PushLog][main][SmpManager] registerMessageCallback - 7
04-10 03:31:12.538 11440 11440 I SEMS:Registration_13.8.52: [PushLog][main][SmpManager] registerMessageCallback - 8
04-10 03:31:12.538 11440 11440 I SEMS:Social_13.8.52: [SLog][main][ShareCommonAPI] init
04-10 03:31:12.538  3027  5159 D PackageManager: setEnabledSetting : userId = 0 packageName = com.samsung.android.mobileservice cmp = androidx.work.impl.background.systemjob.SystemJobService newState = 1 callingPackage = com.samsung.android.mobileservice
04-10 03:31:12.538  3027  5159 D ApplicationPolicy: getApplicationStateEnabled : pkg = com.samsung.android.mobileservice userId : 0
04-10 03:31:12.539  3027  5159 D ApplicationPolicy: getApplicationComponentState : pkg = com.samsung.android.mobileservice userId : 0
04-10 03:31:12.540 11440 11470 I SEMS:Social_13.8.52: [BLog][RxCachedThreadScheduler-3][AccountBuddy] AccountBuddy init success
04-10 03:31:12.540 11440 11440 I SEMS:Registration_13.8.52: [PushLog][main][SmpManager] registerMessageCallback - 12
04-10 03:31:12.540 11440 11440 I SEMS:Registration_13.8.52: [PushLog][main][SmpManager] registerMessageCallback - 999
04-10 03:31:12.540 11440 11440 I SEMS:Social_13.8.52: [CLog][main][ObserverJobService] scheduled: true
04-10 03:31:12.540 11440 11440 I SEMS:Social_13.8.52: [CLog][main][RecoveryJobService] scheduleJob
04-10 03:31:12.541 11440 11440 I SEMS:Social_13.8.52: [CLog][main][RecoveryJobService] scheduled: true
04-10 03:31:12.541 11440 11440 I SEMS:Social_13.8.52: [CLog][main][PeriodJobService] scheduleJob
04-10 03:31:12.541 11440 11440 I SEMS:Common_13.8.52: [CommonLog][main][PeriodicJobUtil] registerJob : DeleteDuplicate
04-10 03:31:12.541 11440 11467 I Policy_13.0.02: [RxCachedThreadScheduler-1][GetServicePolicyUseCase] getServicePolicy
04-10 03:31:12.541 11440 11440 I SEMS:Social_13.8.52: [GLog][main][InvitationLinkAppPolicy] start loadFromPolicy policy
04-10 03:31:12.541 11440 11440 I Policy_13.0.02: [main][GetServicePolicyUseCase] getServicePolicy
04-10 03:31:12.542 11440 11440 I SEMS:Social_13.8.52: [][main][MobileServiceSocialApplication] init end
04-10 03:31:12.542 11440 11468 I Policy_13.0.02: [RxCachedThreadScheduler-2][MobileServicePolicy] getServicePolicy with serviceName success
04-10 03:31:12.542 11440 11440 I SEMS:GroupUi: [GroupUi][main] [MobileServiceGroupUiApplication] init application
04-10 03:31:12.542 11440 11440 I Policy_13.0.02: [main][GetServicePolicyUseCase] getServicePolicy
04-10 03:31:12.542 11440 11467 I SEMS:Common_13.8.52: [CommonLog][RxCachedThreadScheduler-1][CommonPref] getBoolean - key : sa_reagree_state , value : false
04-10 03:31:12.543 11440 11467 I SEMS:Common_13.8.52: [CommonLog][RxCachedThreadScheduler-1][SamsungCloudUtil] setup
04-10 03:31:12.543 11440 11467 I [SCSPSDK][Scsp]: setUp
04-10 03:31:12.543 11440 11467 I SEMS:Common_13.8.52: [CommonLog][RxCachedThreadScheduler-1][SamsungCloudUtil] setup done
04-10 03:31:12.543 11440 11467 I SEMS:AgentLog_13.8.52: [][RxCachedThreadScheduler-1][MobileServiceApplication] SamsungCloud init result : true
04-10 03:31:12.543 11440 11467 I SEMS:Common_13.8.52: [CommonLog][RxCachedThreadScheduler-1][CommonPref] getBoolean - key : sa_reagree_state , value : false
04-10 03:31:12.543 11440 11468 I Policy_13.0.02: [RxCachedThreadScheduler-2][MobileServicePolicy] getServicePolicy success
04-10 03:31:12.543 11440 11467 I SEMS:Registration_13.8.52: [PushLog][RxCachedThreadScheduler-1][SmpManager] init: request
04-10 03:31:12.543 11440 11467 I SmpLog  : [SMP] init. D:false O:DEVICE_BASED S:true M:false P:FCM_PRIMARY_MODE A:a
04-10 03:31:12.544 11440 11467 I SEMS:AgentLog_13.8.52: [][RxCachedThreadScheduler-1][MobileServiceApplication] SmpManager.init completed
04-10 03:31:12.544 11440 11467 I SEMS:AgentLog_13.8.52: [][RxCachedThreadScheduler-1][MobileServiceApplication] SamsungCloud, SmpManager init completed
04-10 03:31:12.544  3027  8019 I ActivityManager: Changes in 10124 19 to 8, 0 to 128
04-10 03:31:12.544 11440 11468 D DCL-4.0.02-ProfileDatabaseHelper: deleteProfile enter
04-10 03:31:12.545 11440 11477 I SmpLog  : [SMP] Test mode: false, v:3.3.11.2, com.samsung.android.mobileservice
04-10 03:31:12.545 11440 11477 I SmpLog  : [SMP] ptype:fcm, token:...5-5vA (142), D:false, O:DEVICE_BASED, S:false, M:false, P:FCM_PRIMARY_MODE
04-10 03:31:12.546 11440 11477 I SmpLog  : [SMP] SEND BR : smp init success
04-10 03:31:12.546  3027  3027 W JobScheduler: Job didn't exist in JobStore: ad6add8 #u0a124/876543 com.samsung.android.mobileservice/.social.buddy.account.presentation.service.ContactObserverService
04-10 03:31:12.546  3027  3136 I ActivityManager: Test idle passed
04-10 03:31:12.547 11440 11468 D DCL-4.0.02-ProfileDatabaseHelper: deleteProfileData enter
04-10 03:31:12.547 11440 11440 I SEMS:LocalContact_13.0.02: [ContactLog][main][ContactHashObserverService] onStartJob
04-10 03:31:12.547 11440 11440 I SEMS:LocalContact_13.0.02: [ContactLog][main][LocalContactApiSourceImpl] isGetAccountPermissionsNeeded: false
04-10 03:31:12.547 11440 11440 I SEMS:Social_13.8.52: [CLog][main][RecoveryJobService] onStartJob
04-10 03:31:12.547 11440 11470 I SEMS:LocalContact_13.0.02: [ContactLog][RxCachedThreadScheduler-3][ConditionSourceImpl] android.permission.READ_CONTACTS isGranted: true
04-10 03:31:12.548 11440 11470 I SEMS:LocalContact_13.0.02: [ContactLog][RxCachedThreadScheduler-3][ConditionSourceImpl] android.permission.GET_ACCOUNTS isGranted: true
04-10 03:31:12.548 11440 11467 I SEMS:Common_13.8.52: [CommonUILog][RxCachedThreadScheduler-1][PermissionManager] requestPermissionSocial CALENDAR deniedPermissions : [] runPermissionActivity : false
04-10 03:31:12.548 11440 11467 I SEMS:Common_13.8.52: [CommonUILog][RxCachedThreadScheduler-1][PermissionManager] requestPermissionSocial return true
04-10 03:31:12.548 11440 11470 I SEMS:Registration_13.8.52: [AgreementLog][RxCachedThreadScheduler-3][MobileServiceAgreement] isAgreementProcedureNeeded
04-10 03:31:12.548 11440 11470 I SEMS:Registration_13.8.52: [AgreementLog][RxCachedThreadScheduler-3][AgreementPao] getForceUpdateNeeded : needed = false
04-10 03:31:12.548 11440 11470 I SEMS:Registration_13.8.52: [AgreementLog][RxCachedThreadScheduler-3][ForegroundStepBuilder] isForceUpdateStepPassed : passed
04-10 03:31:12.548 11440 11470 I Policy_13.0.02: [RxCachedThreadScheduler-3][GetServicePolicyUseCase] getServicePolicy
04-10 03:31:12.548 11440 11467 I SEMS:Social_13.8.52: [CLog][RxCachedThreadScheduler-1][PreferenceDataRepository] getRecoveryVersion: 5, default: 0
04-10 03:31:12.548 11440 11482 I Policy_13.0.02: [RxCachedThreadScheduler-4][MobileServicePolicy] getServicePolicy success
04-10 03:31:12.548 11440 11470 I SEMS:Registration_13.8.52: [AgreementLog][RxCachedThreadScheduler-3][ForegroundStepBuilder] isNoticeStepPassed = true / socialServiceState = SERVICE_NORMAL
04-10 03:31:12.549 11440 11470 I SEMS:Registration_13.8.52: [AgreementLog][RxCachedThreadScheduler-3][ForegroundStepBuilder] isSALogInStepPassed = true
04-10 03:31:12.549 11440 11470 I SEMS:Registration_13.8.52: [AgreementLog][RxCachedThreadScheduler-3][AgreementStepBuilder] isRequestSaAccessTokenStepPassed = true
04-10 03:31:12.549 11440 11470 I SEMS:Registration_13.8.52: [AgreementLog][RxCachedThreadScheduler-3][ForegroundStepBuilder] isSALogInStepPassed = true
04-10 03:31:12.549 11440 11470 I SEMS:Registration_13.8.52: [AgreementLog][RxCachedThreadScheduler-3][ForegroundStepBuilder] isInformationSecurityStepPassed : ret = true
04-10 03:31:12.549 11440 11470 I SEMS:Registration_13.8.52: [AgreementLog][RxCachedThreadScheduler-3][ForegroundStepManager] [IMPORTANT] isAgreementProcedureNeeded = false
04-10 03:31:12.549 11440 11470 I SEMS:Registration_13.8.52: [AgreementLog][RxCachedThreadScheduler-3][AgreementPao] getPreference : key = is_data_deletion_only / defaultValue = false / ret = false
04-10 03:31:12.549 11440 11470 I SEMS:Common_13.8.52: [CommonLog][RxCachedThreadScheduler-3][ClientAuthenticationUtils] start caching
04-10 03:31:12.551 11440 11467 I SEMS:LocalContact_13.0.02: [ContactLog][RxCachedThreadScheduler-1][PreferenceSourceImpl] getContactLastUpdatedTime: 1775757537694
04-10 03:31:12.556 11440 11470 I SEMS:LocalContact_13.0.02: [ContactLog][RxCachedThreadScheduler-3][ContactSourceImpl] getContactDataCursor: 0
04-10 03:31:12.560  4550  4550 I wpa_supplicant: Heartbeat 14806
04-10 03:31:12.561 11440 11482 I SEMS:LocalContact_13.0.02: [ContactLog][RxCachedThreadScheduler-4][ContactSourceImpl] getAllContactIdCursor: 282
04-10 03:31:12.562 11440 11468 D DCL-4.0.02-ProfileDatabaseHelper: deleteProfileData exit : true
04-10 03:31:12.562 11440 11468 D DCL-4.0.02-ProfileDatabaseHelper: deleteProfileInterval enter
04-10 03:31:12.562 11440 11468 D DCL-4.0.02-ProfileDatabaseHelper: deleteProfileInterval exit : true
04-10 03:31:12.563 11440 11468 D DCL-4.0.02-ProfileDatabaseHelper: deleteProfile exit : true
04-10 03:31:12.563 11440 11468 D DCL-4.0.02-ProfileDatabaseHelper: insertProfileList enter
04-10 03:31:12.564 11440 11468 D DCL-4.0.02-ProfileDatabaseHelper: insertProfileList - profile : C6.e@f80dc9c
04-10 03:31:12.564 11440 11468 D DCL-4.0.02-ProfileDatabaseHelper: insertProfileInterval enter
04-10 03:31:12.564 11440 11468 D DCL-4.0.02-ProfileDatabaseHelper: insertProfileInterval exit
04-10 03:31:12.564 11440 11468 D DCL-4.0.02-ProfileDatabaseHelper: insertProfileData enter
04-10 03:31:12.564 11440 11468 D DCL-4.0.02-ProfileDatabaseHelper: insertProfileData exit
04-10 03:31:12.564 11440 11468 D DCL-4.0.02-ProfileDatabaseHelper: insertProfileList - profile : C6.e@9bda6a5
04-10 03:31:12.564 11440 11468 D DCL-4.0.02-ProfileDatabaseHelper: insertProfileInterval enter
04-10 03:31:12.564 11440 11468 D DCL-4.0.02-ProfileDatabaseHelper: insertProfileInterval exit
04-10 03:31:12.564 11440 11468 D DCL-4.0.02-ProfileDatabaseHelper: insertProfileData enter
04-10 03:31:12.564 11440 11468 D DCL-4.0.02-ProfileDatabaseHelper: insertProfileData exit
04-10 03:31:12.564 11440 11468 D DCL-4.0.02-ProfileDatabaseHelper: insertProfileList - profile : C6.e@7246a7a
04-10 03:31:12.564 11440 11468 D DCL-4.0.02-ProfileDatabaseHelper: insertProfileInterval enter
04-10 03:31:12.564 11440 11468 D DCL-4.0.02-ProfileDatabaseHelper: insertProfileInterval exit
04-10 03:31:12.564 11440 11468 D DCL-4.0.02-ProfileDatabaseHelper: insertProfileData enter
04-10 03:31:12.564 11440 11468 D DCL-4.0.02-ProfileDatabaseHelper: insertProfileData exit
04-10 03:31:12.564 11440 11468 D DCL-4.0.02-ProfileDatabaseHelper: insertProfileList - profile : C6.e@74eb22b
04-10 03:31:12.564 11440 11468 D DCL-4.0.02-ProfileDatabaseHelper: insertProfileInterval enter
04-10 03:31:12.564 11440 11468 D DCL-4.0.02-ProfileDatabaseHelper: insertProfileInterval exit
04-10 03:31:12.564 11440 11468 D DCL-4.0.02-ProfileDatabaseHelper: insertProfileData enter
04-10 03:31:12.564 11440 11468 D DCL-4.0.02-ProfileDatabaseHelper: insertProfileData exit
04-10 03:31:12.564 11440 11468 D DCL-4.0.02-ProfileDatabaseHelper: insertProfileList - profile : C6.e@f0d2688
04-10 03:31:12.564 11440 11468 D DCL-4.0.02-ProfileDatabaseHelper: insertProfileInterval enter
04-10 03:31:12.564 11440 11468 D DCL-4.0.02-ProfileDatabaseHelper: insertProfileInterval exit
04-10 03:31:12.564 11440 11468 D DCL-4.0.02-ProfileDatabaseHelper: insertProfileData enter
04-10 03:31:12.564 11440 11468 D DCL-4.0.02-ProfileDatabaseHelper: insertProfileData exit
04-10 03:31:12.566 11440 11482 I SEMS:LocalContact_13.0.02: [ContactLog][RxCachedThreadScheduler-4][ContactHashDao] contactIdSet: 282, contactIdSetInLocal: 282
04-10 03:31:12.566 11440 11482 I SEMS:LocalContact_13.0.02: [ContactLog][RxCachedThreadScheduler-4][ContactHashDao] syncRemovedContact: 0
04-10 03:31:12.566 11440 11482 I SEMS:LocalContact_13.0.02: [ContactLog][RxCachedThreadScheduler-4][ContactHashObserverService] onStartJob complete
04-10 03:31:12.566 11440 11482 I SEMS:LocalContact_13.0.02: [ContactLog][RxCachedThreadScheduler-4][ContactHashObserverService] scheduleJob
04-10 03:31:12.566  3027  3194 D PowerManagerService: displayReady: false groupId=0
04-10 03:31:12.566  3027  3194 D DisplayPowerController[0]: animateScreenStateChange: target=ON, mIsEnabled=true
04-10 03:31:12.566  3027  3194 D PowerManagerService: displayReady: true groupId=0
04-10 03:31:12.567  9445  9467 W FuseDaemon: Reducing the number of considered missed Gc histogram windows from 537 to 100
04-10 03:31:12.567  3027  5159 I ActivityManager: Changes in 10124 8 to 10, 128 to 0
04-10 03:31:12.568  2121 31726 I sensors-hal: handle_sns_std_sensor_event:90, light_cct: ts = 193238047478746 ns; value = [1, 1, 17, 19, 0, 149, 0, 0, 352, 0]
04-10 03:31:12.568  7877  9544 D EadLuxController: mAmbientLightRingBuffer.push(88384517, 1.0)
04-10 03:31:12.568 11440 11482 I SEMS:LocalContact_13.0.02: [ContactLog][RxCachedThreadScheduler-4][ContactHashObserverService] schedule result: true
04-10 03:31:12.568  7877  9544 D EadLuxController: mAmbientLightRingBuffer.toString() - [1.0 / 80ms, 1.0 / 160ms, 1.0 / 161ms, 1.0 / 159ms, 1.0 / 160ms, 1.0 / 160ms, 1.0 / 160ms, 1.0 / 160ms, 1.0 / 160ms, 1.0 / 160ms, 1.0 / 160ms, 1.0 / 160ms, 1.0 / 160ms, 1.0 / 160ms, 1.0 / 160ms, 1.0 / 160ms, 1.0 / 160ms, 1.0 / 160ms, 1.0 / 160ms, 1.0 / 160ms, 1.0 / 160ms, 1.0 / 160ms, 1.0 / 160ms, 1.0 / 160ms, 1.0 / 160ms, 1.0 / 160ms, 1.0 / 160ms, 1.0 / 160ms, 1.0 / 160ms, 1.0 / 160ms, 1.0 / 160ms, 1.0 / 160ms, 1.0 / 160ms, 1.0 / 160ms, 1.0 / 160ms, 1.0 / 160ms, 1.0 / 160ms, 1.0 / 161ms, 1.0 / 160ms, 1.0 / 159ms, 1.0 / 160ms, 1.0 / 160ms, 1.0 / 160ms, 1.0 / 160ms, 1.0 / 160ms, 1.0 / 160ms, 1.0 / 160ms, 1.0 / 160ms, 1.0 / 160ms, 1.0 / 160ms, 1.0 / 160ms, 1.0 / 160ms, 1.0 / 160ms, 1.0 / 160ms, 1.0 / 160ms, 1.0 / 161ms, 1.0 / 159ms, 1.0 / 160ms, 1.0 / 160ms, 1.0 / 160ms, 1.0 / 160ms, 1.0 / 160ms, 1.0 / 160ms, 1.0 / 0ms]
04-10 03:31:12.568  7877  9544 D EadLuxController: mAmbientLuxValid: true
04-10 03:31:12.568  7877  9544 D EadLuxController: calculateAmbientLux(88384517, 10000)
04-10 03:31:12.568  7877  9544 D EadLuxController: calculateAmbientLux(88384517, 10000)
04-10 03:31:12.568  7877  9544 D EadLuxController: calculateAmbientLux(88384517, 2000)
04-10 03:31:12.568  7877  9544 D EadLuxController: calculateAmbientLux(88384517, 2000)
04-10 03:31:12.568  7877  9544 D EadLuxController: slowAmbientLux: 1.0 fastAmbientLux: 1.0 mAmbientBrighteningThreshold: 10.0 mAmbientDarkeningThreshold: -1.0 nextBrightenTransition: 88386517 nextDarkenTransition: 88386517 time: 88384517
04-10 03:31:12.568  7877  9544 D EadLuxController: updateAmbientLux: Scheduling ambient lux update for 8838651788386517 (in 2000 ms)
04-10 03:31:12.569 11440 11468 D DCL-4.0.02-ProfileDatabaseHelper: insertProfileList exit : true
04-10 03:31:12.569 11440 11440 I SEMS:AgentLog_13.8.52: [][main][MobileServiceApplication] onTrimMemory:40
04-10 03:31:12.569 11440 11468 D DCL-4.0.02-CachedProfileDataSourceImpl: updateCachedProfileList
04-10 03:31:12.569 11440 11468 D DCL-4.0.02-DataControlRepositoryImpl: updateCachedProfileList completed
04-10 03:31:12.569 11440 11468 D Policy  : setProfileList completed
04-10 03:31:12.569 11440 11468 I SEMS:SupportedService_13.8.52: [][RxCachedThreadScheduler-2][DclDataManager] loadDclProfile finished
04-10 03:31:12.664  8978 10574 I GearContacts_DelayedMessageHandlerCallback: onCompleted! : onProfileDataChange
04-10 03:31:12.664  8978 10574 I GearContacts_MessageHandlerCallbackImpl: onProfileDataChange
04-10 03:31:12.666  8978  8978 I GearContacts_DataLayerUtil: get node successfully!
04-10 03:31:12.667  8978  8978 I GearContacts_SaContactB2ProfileModelProvider: loadData
04-10 03:31:12.667  8978  8978 I GearContacts_SaContactB2ProfileModelProvider: isConnected true
04-10 03:31:12.672  8978 17258 I GearContacts_SaContactB2ProfileModelProvider: currentProfileUpdatedTimestamp: 1773512227932
04-10 03:31:12.728  7877  9544 D EadLuxController: mAmbientLightRingBuffer.push(88384677, 1.0)
04-10 03:31:12.728  7877  9544 D EadLuxController: mAmbientLightRingBuffer.toString() - [1.0 / 80ms, 1.0 / 161ms, 1.0 / 159ms, 1.0 / 160ms, 1.0 / 160ms, 1.0 / 160ms, 1.0 / 160ms, 1.0 / 160ms, 1.0 / 160ms, 1.0 / 160ms, 1.0 / 160ms, 1.0 / 160ms, 1.0 / 160ms, 1.0 / 160ms, 1.0 / 160ms, 1.0 / 160ms, 1.0 / 160ms, 1.0 / 160ms, 1.0 / 160ms, 1.0 / 160ms, 1.0 / 160ms, 1.0 / 160ms, 1.0 / 160ms, 1.0 / 160ms, 1.0 / 160ms, 1.0 / 160ms, 1.0 / 160ms, 1.0 / 160ms, 1.0 / 160ms, 1.0 / 160ms, 1.0 / 160ms, 1.0 / 160ms, 1.0 / 160ms, 1.0 / 160ms, 1.0 / 160ms, 1.0 / 160ms, 1.0 / 161ms, 1.0 / 160ms, 1.0 / 159ms, 1.0 / 160ms, 1.0 / 160ms, 1.0 / 160ms, 1.0 / 160ms, 1.0 / 160ms, 1.0 / 160ms, 1.0 / 160ms, 1.0 / 160ms, 1.0 / 160ms, 1.0 / 160ms, 1.0 / 160ms, 1.0 / 160ms, 1.0 / 160ms, 1.0 / 160ms, 1.0 / 160ms, 1.0 / 161ms, 1.0 / 159ms, 1.0 / 160ms, 1.0 / 160ms, 1.0 / 160ms, 1.0 / 160ms, 1.0 / 160ms, 1.0 / 160ms, 1.0 / 160ms, 1.0 / 0ms]
04-10 03:31:12.728  7877  9544 D EadLuxController: mAmbientLuxValid: true
04-10 03:31:12.728  7877  9544 D EadLuxController: calculateAmbientLux(88384677, 10000)
04-10 03:31:12.729  7877  9544 D EadLuxController: calculateAmbientLux(88384677, 10000)
04-10 03:31:12.729  7877  9544 D EadLuxController: calculateAmbientLux(88384677, 2000)
04-10 03:31:12.729  7877  9544 D EadLuxController: calculateAmbientLux(88384677, 2000)
