04-10 03:31:12.729  7877  9544 D EadLuxController: slowAmbientLux: 1.0 fastAmbientLux: 1.0 mAmbientBrighteningThreshold: 10.0 mAmbientDarkeningThreshold: -1.0 nextBrightenTransition: 88386677 nextDarkenTransition: 88386677 time: 88384677
04-10 03:31:12.729  7877  9544 D EadLuxController: updateAmbientLux: Scheduling ambient lux update for 8838667788386677 (in 1999 ms)
04-10 03:31:12.767  3027  3194 D PowerManagerService: displayReady: false groupId=0
04-10 03:31:12.767  3027  3194 D DisplayPowerController[0]: animateScreenStateChange: target=ON, mIsEnabled=true
04-10 03:31:12.767  3027  3194 D PowerManagerService: displayReady: true groupId=0
04-10 03:31:12.799  8324  8324 D BoundBrokerSvc: onUnbind: Intent { act=com.google.android.gms.auth.aang.events.services.START dat=chimera-action:/... xflg=0x4 cmp=com.google.android.gms/.chimera.PersistentApiService }
04-10 03:31:12.812  2112  6363 I vendor.qti.bluetooth@1.0-ibs_handler: ProcessIbsCmd: Received IBS_WAKE_IND: 0xFD
04-10 03:31:12.812  2112  6363 D vendor.qti.bluetooth@1.0-ibs_handler: SerialClockVote: vote for UART CLK ON
04-10 03:31:12.812  2112  6363 D vendor.qti.bluetooth@1.0-wake_lock: Acquire wakelock is acquired 
04-10 03:31:12.813  2112  6363 I vendor.qti.bluetooth@1.0-ibs_handler: ProcessIbsCmd: Writing IBS_WAKE_ACK
04-10 03:31:12.821  4984  6388 I ScanController: onScanResult to scannerId: 10- eventType=0x10, addressType=0, address=XX:XX:XX:XX:1A:95, primaryPhy=1, secondaryPhy=0, advertisingSid=0xff, txPower=127, rssi=-96, periodicAdvInt=0x0
04-10 03:31:12.822  4984  6388 I ScanController: onScanResult to scannerId: 2- eventType=0x1b, addressType=0, address=XX:XX:XX:XX:D2:69, primaryPhy=1, secondaryPhy=0, advertisingSid=0xff, txPower=127, rssi=-64, periodicAdvInt=0x0
04-10 03:31:12.823 12885 14260 D ScanFilter: manu data matches
04-10 03:31:12.823 12885 14260 I [-0500]oneconnect[1.8.41.23_01][CORE]: DataConvert.parseBleVd - deviceBle : |name:|deviceType:TV|discoverType:_BLE|services:None|connected:false[TvStatusString]POWER_OFF[TvStatus]-128[TvService]102[TvMirrorChannel]1[TvRegisteredDB][0, 0, 0, 0, 0, 0][TvYear]2016[TvOcfInfo]0[TvAcmStatus]0[ExTvStatus]0[ExtendedStatus]-1[ModuloSn]-1
04-10 03:31:12.850  4984  6388 I ScanController: onScanResult to scannerId: 10- eventType=0x10, addressType=0, address=XX:XX:XX:XX:AB:83, primaryPhy=1, secondaryPhy=0, advertisingSid=0xff, txPower=127, rssi=-93, periodicAdvInt=0x0
04-10 03:31:12.852 12885 14260 D ScanFilter: manu data matches
04-10 03:31:12.852 12885 14260 I [-0500]oneconnect[1.8.41.23_01][CORE]: DataConvert.parseBleVd - deviceBle : |name:|deviceType:TV|discoverType:_BLE|services:None|connected:false[TvStatusString]POWER_OFF[TvStatus]-128[TvService]102[TvMirrorChannel]1[TvRegisteredDB][-88, 14, 0, 0, 0, 0][TvYear]2016[TvOcfInfo]0[TvAcmStatus]0[ExTvStatus]0[ExtendedStatus]-1[ModuloSn]-1
04-10 03:31:12.889  7877  9544 D EadLuxController: mAmbientLightRingBuffer.push(88384838, 1.0)
04-10 03:31:12.889  2112  6363 I vendor.qti.bluetooth@1.0-ibs_handler: ProcessIbsCmd: Received IBS_SLEEP_IND: 0xFE
04-10 03:31:12.889  2112  6363 D vendor.qti.bluetooth@1.0-ibs_handler: SerialClockVote: vote for UART CLK OFF
04-10 03:31:12.889  7877  9544 D EadLuxController: mAmbientLightRingBuffer.toString() - [1.0 / 80ms, 1.0 / 159ms, 1.0 / 160ms, 1.0 / 160ms, 1.0 / 160ms, 1.0 / 160ms, 1.0 / 160ms, 1.0 / 160ms, 1.0 / 160ms, 1.0 / 160ms, 1.0 / 160ms, 1.0 / 160ms, 1.0 / 160ms, 1.0 / 160ms, 1.0 / 160ms, 1.0 / 160ms, 1.0 / 160ms, 1.0 / 160ms, 1.0 / 160ms, 1.0 / 160ms, 1.0 / 160ms, 1.0 / 160ms, 1.0 / 160ms, 1.0 / 160ms, 1.0 / 160ms, 1.0 / 160ms, 1.0 / 160ms, 1.0 / 160ms, 1.0 / 160ms, 1.0 / 160ms, 1.0 / 160ms, 1.0 / 160ms, 1.0 / 160ms, 1.0 / 160ms, 1.0 / 160ms, 1.0 / 161ms, 1.0 / 160ms, 1.0 / 159ms, 1.0 / 160ms, 1.0 / 160ms, 1.0 / 160ms, 1.0 / 160ms, 1.0 / 160ms, 1.0 / 160ms, 1.0 / 160ms, 1.0 / 160ms, 1.0 / 160ms, 1.0 / 160ms, 1.0 / 160ms, 1.0 / 160ms, 1.0 / 160ms, 1.0 / 160ms, 1.0 / 160ms, 1.0 / 161ms, 1.0 / 159ms, 1.0 / 160ms, 1.0 / 160ms, 1.0 / 160ms, 1.0 / 160ms, 1.0 / 160ms, 1.0 / 160ms, 1.0 / 160ms, 1.0 / 161ms, 1.0 / 0ms]
04-10 03:31:12.889  7877  9544 D EadLuxController: mAmbientLuxValid: true
04-10 03:31:12.889  7877  9544 D EadLuxController: calculateAmbientLux(88384838, 10000)
04-10 03:31:12.889  7877  9544 D EadLuxController: calculateAmbientLux(88384838, 10000)
04-10 03:31:12.889  7877  9544 D EadLuxController: calculateAmbientLux(88384838, 2000)
04-10 03:31:12.889  7877  9544 D EadLuxController: calculateAmbientLux(88384838, 2000)
04-10 03:31:12.889  7877  9544 D EadLuxController: slowAmbientLux: 1.0 fastAmbientLux: 1.0 mAmbientBrighteningThreshold: 10.0 mAmbientDarkeningThreshold: -1.0 nextBrightenTransition: 88386838 nextDarkenTransition: 88386838 time: 88384838
04-10 03:31:12.889  7877  9544 D EadLuxController: updateAmbientLux: Scheduling ambient lux update for 8838683888386838 (in 2000 ms)
04-10 03:31:12.911  2112  6363 I vendor.qti.bluetooth@1.0-ibs_handler: ProcessIbsCmd: Received IBS_WAKE_IND: 0xFD
04-10 03:31:12.911  2112  6363 D vendor.qti.bluetooth@1.0-ibs_handler: SerialClockVote: vote for UART CLK ON
04-10 03:31:12.911  2112  6363 I vendor.qti.bluetooth@1.0-ibs_handler: ProcessIbsCmd: Writing IBS_WAKE_ACK
04-10 03:31:12.915  4984  6388 I ScanController: onScanResult to scannerId: 3- eventType=0x1b, addressType=0, address=XX:XX:XX:XX:D2:69, primaryPhy=1, secondaryPhy=0, advertisingSid=0xff, txPower=127, rssi=-62, periodicAdvInt=0x0
04-10 03:31:12.916  4984  6388 I ScanController: onScanResult to scannerId: 10- eventType=0x1b, addressType=0, address=XX:XX:XX:XX:D2:69, primaryPhy=1, secondaryPhy=0, advertisingSid=0xff, txPower=127, rssi=-62, periodicAdvInt=0x0
04-10 03:31:12.916 14637 14693 D ScanFilter: manu data matches
04-10 03:31:12.917 12885 14260 D ScanFilter: manu data matches
04-10 03:31:12.917 21257   448 D ScanFilter: manu data matches
04-10 03:31:12.917 12885 14260 I [-0500]oneconnect[1.8.41.23_01][CORE]: DataConvert.parseBleVd - deviceBle : |name:($)-5(13)|deviceType:TV|discoverType:_BLE|services:_TvSoundToMobile|connected:false[TvStatusString]POWER_ON[TvStatus]1[TvService]111[TvMirrorChannel]157[TvRegisteredDB][84, -93, 29, -60, -48, 58][TvYear]2016[TvOcfInfo]0[TvAcmStatus]0[ExTvStatus]0[ExtendedStatus]-1[ModuloSn]-1
04-10 03:31:12.918  3027  5251 D WifiDisplayAdapter: getWifiDisplayStatusLocked: result=WifiDisplayStatus{featureState=2, scanState=0, activeDisplayState=0, activeDisplay=null, displays=[], sessionInfo=WifiDisplaySessionInfo:
04-10 03:31:12.918  3027  5251 D WifiDisplayAdapter:     Client/Owner: Client
04-10 03:31:12.918  3027  5251 D WifiDisplayAdapter:     GroupId: 
04-10 03:31:12.918  3027  5251 D WifiDisplayAdapter:     Passphrase: 
04-10 03:31:12.918  3027  5251 D WifiDisplayAdapter:     SessionId: 0
04-10 03:31:12.918  3027  5251 D WifiDisplayAdapter:     IP Address: }
04-10 03:31:12.919  3027  5159 D WifiDisplayAdapter: getWifiDisplayStatusLocked: result=WifiDisplayStatus{featureState=2, scanState=0, activeDisplayState=0, activeDisplay=null, displays=[], sessionInfo=WifiDisplaySessionInfo:
04-10 03:31:12.919  3027  5159 D WifiDisplayAdapter:     Client/Owner: Client
04-10 03:31:12.919  3027  5159 D WifiDisplayAdapter:     GroupId: 
04-10 03:31:12.919  3027  5159 D WifiDisplayAdapter:     Passphrase: 
04-10 03:31:12.919  3027  5159 D WifiDisplayAdapter:     SessionId: 0
04-10 03:31:12.919  3027  5159 D WifiDisplayAdapter:     IP Address: }
04-10 03:31:12.919  3027  5159 D WifiDisplayAdapter: getWifiDisplayStatusLocked: result=WifiDisplayStatus{featureState=2, scanState=0, activeDisplayState=0, activeDisplay=null, displays=[], sessionInfo=WifiDisplaySessionInfo:
04-10 03:31:12.919  3027  5159 D WifiDisplayAdapter:     Client/Owner: Client
04-10 03:31:12.919  3027  5159 D WifiDisplayAdapter:     GroupId: 
04-10 03:31:12.919  3027  5159 D WifiDisplayAdapter:     Passphrase: 
04-10 03:31:12.919  3027  5159 D WifiDisplayAdapter:     SessionId: 0
04-10 03:31:12.919  3027  5159 D WifiDisplayAdapter:     IP Address: }
04-10 03:31:12.919  3027  5251 D WifiDisplayAdapter: getWifiDisplayStatusLocked: result=WifiDisplayStatus{featureState=2, scanState=0, activeDisplayState=0, activeDisplay=null, displays=[], sessionInfo=WifiDisplaySessionInfo:
04-10 03:31:12.919  3027  5251 D WifiDisplayAdapter:     Client/Owner: Client
04-10 03:31:12.919  3027  5251 D WifiDisplayAdapter:     GroupId: 
04-10 03:31:12.919  3027  5251 D WifiDisplayAdapter:     Passphrase: 
04-10 03:31:12.919  3027  5251 D WifiDisplayAdapter:     SessionId: 0
04-10 03:31:12.919  3027  5251 D WifiDisplayAdapter:     IP Address: }
04-10 03:31:12.919 21257   448 I [-0500]oneconnect[1.8.41.23_01][BEACON_MANAGER_CONTROL_SERVICE]: TvOcfParser.onReceive - TV Popup Onboarding is skipped - ($)
04-10 03:31:12.954  2112  6363 I vendor.qti.bluetooth@1.0-ibs_handler: ProcessIbsCmd: Received IBS_SLEEP_IND: 0xFE
04-10 03:31:12.954  2112  6363 D vendor.qti.bluetooth@1.0-ibs_handler: SerialClockVote: vote for UART CLK OFF
04-10 03:31:12.968  3027  3194 D PowerManagerService: displayReady: false groupId=0
04-10 03:31:12.968  3027  3194 D DisplayPowerController[0]: animateScreenStateChange: target=ON, mIsEnabled=true
04-10 03:31:12.968  3027  3194 D PowerManagerService: displayReady: true groupId=0
04-10 03:31:13.028 10309 10420 V SOH_SERVICE: Battery 0 : BattData { voltage:4.076, current:0.351562, soc:0.74, temperature:35.9, status:2, timestamp:1775809873024}
04-10 03:31:13.048  7877  9544 D EadLuxController: mAmbientLightRingBuffer.push(88384997, 1.0)
04-10 03:31:13.048  7877  9544 D EadLuxController: mAmbientLightRingBuffer.toString() - [1.0 / 80ms, 1.0 / 160ms, 1.0 / 160ms, 1.0 / 160ms, 1.0 / 160ms, 1.0 / 160ms, 1.0 / 160ms, 1.0 / 160ms, 1.0 / 160ms, 1.0 / 160ms, 1.0 / 160ms, 1.0 / 160ms, 1.0 / 160ms, 1.0 / 160ms, 1.0 / 160ms, 1.0 / 160ms, 1.0 / 160ms, 1.0 / 160ms, 1.0 / 160ms, 1.0 / 160ms, 1.0 / 160ms, 1.0 / 160ms, 1.0 / 160ms, 1.0 / 160ms, 1.0 / 160ms, 1.0 / 160ms, 1.0 / 160ms, 1.0 / 160ms, 1.0 / 160ms, 1.0 / 160ms, 1.0 / 160ms, 1.0 / 160ms, 1.0 / 160ms, 1.0 / 160ms, 1.0 / 161ms, 1.0 / 160ms, 1.0 / 159ms, 1.0 / 160ms, 1.0 / 160ms, 1.0 / 160ms, 1.0 / 160ms, 1.0 / 160ms, 1.0 / 160ms, 1.0 / 160ms, 1.0 / 160ms, 1.0 / 160ms, 1.0 / 160ms, 1.0 / 160ms, 1.0 / 160ms, 1.0 / 160ms, 1.0 / 160ms, 1.0 / 160ms, 1.0 / 161ms, 1.0 / 159ms, 1.0 / 160ms, 1.0 / 160ms, 1.0 / 160ms, 1.0 / 160ms, 1.0 / 160ms, 1.0 / 160ms, 1.0 / 160ms, 1.0 / 161ms, 1.0 / 159ms, 1.0 / 0ms]
04-10 03:31:13.048  7877  9544 D EadLuxController: mAmbientLuxValid: true
04-10 03:31:13.048  7877  9544 D EadLuxController: calculateAmbientLux(88384997, 10000)
04-10 03:31:13.048  7877  9544 D EadLuxController: calculateAmbientLux(88384997, 10000)
04-10 03:31:13.048  7877  9544 D EadLuxController: calculateAmbientLux(88384997, 2000)
04-10 03:31:13.048  7877  9544 D EadLuxController: calculateAmbientLux(88384997, 2000)
04-10 03:31:13.048  7877  9544 D EadLuxController: slowAmbientLux: 1.0 fastAmbientLux: 1.0 mAmbientBrighteningThreshold: 10.0 mAmbientDarkeningThreshold: -1.0 nextBrightenTransition: 88386997 nextDarkenTransition: 88386997 time: 88384997
04-10 03:31:13.048  7877  9544 D EadLuxController: updateAmbientLux: Scheduling ambient lux update for 8838699788386997 (in 2000 ms)
04-10 03:31:13.049  2121 31717 I sensors-hal: handle_sns_std_sensor_event:408, [SSC_LIGHT] P: 1(1),c:0,b:149,m:13,cl:0,l:1,s:0,l0:352,l1:0,s0:0,s1:0,acl:1,opr:0.07,f(r):83,u(bl):91,if:83,wi:0,si:0,0(N:0)
04-10 03:31:13.082  2186  2274 E HeatmapThread: ECT Thread time in milliseconds: 1775809873
04-10 03:31:13.084  2186  2274 D HeatmapThread: !@ batteryplugType : 2
04-10 03:31:13.084  2186  2274 D HeatmapThread: !@ batteryLevel : 74  batteryTemperature : 359 
04-10 03:31:13.084  2186  2274 D HeatmapThread: !@ Heatmap currtime: 29596831
04-10 03:31:13.084  2186  2274 D HeatmapThread: !@ Heatmap prevtime: 29596804
04-10 03:31:13.084  2186  2274 D HeatmapThread: !@ Heatmap plugstarttime: 29596824
04-10 03:31:13.084  2186  2274 D HeatmapThread: !@ Heatmap prevv_dsoh_update_time: 29596399
04-10 03:31:13.084  2186  2274 E HeatmapThread: !@ CAM New BSOH: 100
04-10 03:31:13.104  2112  5467 D vendor.qti.bluetooth@1.0-wake_lock: Release wakelock is released 
04-10 03:31:13.168  3027  3194 D PowerManagerService: displayReady: false groupId=0
04-10 03:31:13.168  3027  3194 D DisplayPowerController[0]: animateScreenStateChange: target=ON, mIsEnabled=true
04-10 03:31:13.169  3027  3194 D PowerManagerService: displayReady: true groupId=0
04-10 03:31:13.209  7877  9544 D EadLuxController: mAmbientLightRingBuffer.push(88385158, 1.0)
04-10 03:31:13.209  7877  9544 D EadLuxController: mAmbientLightRingBuffer.toString() - [1.0 / 79ms, 1.0 / 160ms, 1.0 / 160ms, 1.0 / 160ms, 1.0 / 160ms, 1.0 / 160ms, 1.0 / 160ms, 1.0 / 160ms, 1.0 / 160ms, 1.0 / 160ms, 1.0 / 160ms, 1.0 / 160ms, 1.0 / 160ms, 1.0 / 160ms, 1.0 / 160ms, 1.0 / 160ms, 1.0 / 160ms, 1.0 / 160ms, 1.0 / 160ms, 1.0 / 160ms, 1.0 / 160ms, 1.0 / 160ms, 1.0 / 160ms, 1.0 / 160ms, 1.0 / 160ms, 1.0 / 160ms, 1.0 / 160ms, 1.0 / 160ms, 1.0 / 160ms, 1.0 / 160ms, 1.0 / 160ms, 1.0 / 160ms, 1.0 / 160ms, 1.0 / 161ms, 1.0 / 160ms, 1.0 / 159ms, 1.0 / 160ms, 1.0 / 160ms, 1.0 / 160ms, 1.0 / 160ms, 1.0 / 160ms, 1.0 / 160ms, 1.0 / 160ms, 1.0 / 160ms, 1.0 / 160ms, 1.0 / 160ms, 1.0 / 160ms, 1.0 / 160ms, 1.0 / 160ms, 1.0 / 160ms, 1.0 / 160ms, 1.0 / 161ms, 1.0 / 159ms, 1.0 / 160ms, 1.0 / 160ms, 1.0 / 160ms, 1.0 / 160ms, 1.0 / 160ms, 1.0 / 160ms, 1.0 / 160ms, 1.0 / 161ms, 1.0 / 159ms, 1.0 / 161ms, 1.0 / 0ms]
04-10 03:31:13.209  7877  9544 D EadLuxController: mAmbientLuxValid: true
04-10 03:31:13.209  7877  9544 D EadLuxController: calculateAmbientLux(88385158, 10000)
04-10 03:31:13.209  7877  9544 D EadLuxController: calculateAmbientLux(88385158, 10000)
04-10 03:31:13.209  7877  9544 D EadLuxController: calculateAmbientLux(88385158, 2000)
04-10 03:31:13.209  7877  9544 D EadLuxController: calculateAmbientLux(88385158, 2000)
04-10 03:31:13.209  7877  9544 D EadLuxController: slowAmbientLux: 1.0 fastAmbientLux: 1.0 mAmbientBrighteningThreshold: 10.0 mAmbientDarkeningThreshold: -1.0 nextBrightenTransition: 88387158 nextDarkenTransition: 88387158 time: 88385158
04-10 03:31:13.209  7877  9544 D EadLuxController: updateAmbientLux: Scheduling ambient lux update for 8838715888387158 (in 2000 ms)
04-10 03:31:13.294  3027  4354 E WifiStaIfaceAidlImpl: getCachedScanData failed with service-specific exception: android.os.ServiceSpecificException:  (code 4)
04-10 03:31:13.297  3027  6913 D SemWifiUsabilityStatsMonitor: onWifiUsabilityStats - seqNum 13009, isSameBssidAndFreq true
04-10 03:31:13.297  4869  4869 I EPDG -- SIM1 [SMARTWIFI]: isProfiling, hash=15815440, started=true
04-10 03:31:13.298 17434 17434 D WifiBroadcastReceiver: Received intent: android.net.wifi.RSSI_CHANGED
04-10 03:31:13.298  3027  4458 I SemWifiLinkQualityMonitor: Link stat: 1260 / 0 / 1.25 (30) / 1296 / -60.0 || 100.0 : 1296.00 / 0.5 : 0.80 / 0.55 : 0.00 / G (G) || 0645699a6135: 0.078 / 102.337 / N || N N / 0 0 / N 2.0 / N X 0 / 88385246 0 || 2026-04-10 03:31:12  / 0: 0 0 0 0 0 0 / 0: 0 0 0 0 0 0 / 0: 0 0 0 0 0 0
04-10 03:31:13.298  4869  4869 I EPDG -- SIM1 [SMARTWIFI]: isWifiRssiLessOrEqualsHandoverThreshold: received rssi is: -60 handover threshold is: -85
04-10 03:31:13.298  4869  4869 I EPDG -- SIM1 [SMARTWIFI]: isProfiling, hash=15815440, started=true
04-10 03:31:13.299  3027  4459 D InsDataManager: onOutageCountUpdate() - Outage Data: 0, LQ : N. Outage Triggered: false
04-10 03:31:13.299  3027  4459 D SemInsManager: {"bssid": "0645699a6135","rssi": -60.0,"latency": 0.07817283950617283,"outage_count": 0,"lq_callback_triggered": false,"outage_log": "Link stat: 1260 / 0 / 1.25 (30) / 1296 / -60.0 || 100.0 : 1296.00 / 0.5 : 0.80 / 0.55 : 0.00 / G (G) || 0645699a6135: 0.078 / 102.337 / N || N N / 0 0 / N 2.0 / N X 0 / 88385246 0 || 2026-04-10 03:31:12  / 0: 0 0 0 0 0 0 / 0: 0 0 0 0 0 0 / 0: 0 0 0 0 0 0""Magnetic Sensor Events size": "0""Pressure Sensor Events size": "0"}
04-10 03:31:13.299 17434 17434 I RssiHandler: received android.net.wifi.RSSI_CHANGED
04-10 03:31:13.299  4869  4869 I EPDG -- SIM1 [SMARTWIFI]: Rssi : -60 highrange : -71 lowrange : -80 mIsRssiInHystersis : false
04-10 03:31:13.299  4869  4869 I EPDG -- SIM1 [SMARTWIFI]: Rssi : -60 highrange : -71 lowrange : -80 mIsRssiInHystersis : false
04-10 03:31:13.299  4869  4869 I EPDG -- SIM1 [SMARTWIFI]: isL2WHandoverProfilingRunning: returning: false
04-10 03:31:13.299  4869  4869 I EPDG -- SIM1 [SMARTWIFI]: No need to send L2WHandoverProfiling runnable
04-10 03:31:13.299  4869  4869 I EPDG -- SIM1 [SMARTWIFI]: getHandoverThresholdMet: value is: false
04-10 03:31:13.300  4660  4758 D AppOpsPrivacyItemMonitor: showLocationSystemApps  AppOpItem(Op code=1, UID=10302, AttributionTag=null, Package name=com.spectrum.cm.headless, Paused=false)
04-10 03:31:13.300  3027  4476 D SGM:GameManager: identifyGamePackage. com.sovereignbridge, mCurrentUserId: 0, callingMethodInfo: com.samsung.android.game.SemGameManager.isGamePackage(SemGameManager.java:106)
04-10 03:31:13.300  3027  4476 D SGM:SemGameManager: isGamePackage(), pkgName=com.sovereignbridge, ret=false
04-10 03:31:13.309  4660  4660 W RefactorFlag: New code path expects SceneContainerFlag to be enabled.
04-10 03:31:13.310  4660  4660 D AiAgentEffect: onPrivacyItemsChanged privacyItems.size = 1
04-10 03:31:13.310  4660  4660 D AiAgentEffect: onPrivacyItemsChanged privacyItems isEmpty or found item is null
04-10 03:31:13.313  5196  5326 I HoneySpace.StatusIconTracker: invokeEvent() called with: event = PrivacyInfo(visible=false)
04-10 03:31:13.315  2252  2734 I CompositionEngine: [setDisplaySize] size=(680, 56)
04-10 03:31:13.317  2252  3020 I VSyncReactor: Current= 120, Period= 120, Distance= 0
04-10 03:31:13.318  4660  4660 W View    : requestLayout() improperly called by com.android.systemui.qs.SecQSGradationDrawableView{a32ed5b V.E...... ......ID 0,0-1440,443 #7f0a0a16 app:id/qs_gradation_view} during layout: running second layout pass
04-10 03:31:13.318  4660  4660 W View    : requestLayout() improperly called by android.widget.FrameLayout{b62f9f8 V.E...... ......I. 0,0-1440,3120 #2} during layout: running second layout pass
04-10 03:31:13.318  4660  4660 W View    : requestLayout() improperly called by android.widget.FrameLayout{f1e2ed1 V.E...... ......ID 0,203-1440,3120 #7f0a0a14 app:id/qs_frame} during layout: running second layout pass
04-10 03:31:13.319  4660  4660 W RefactorFlag: New code path expects SceneContainerFlag to be enabled.
04-10 03:31:13.325  2252  2391 I VSyncReactor: Current= 120, Period= 120, Distance= 120
04-10 03:31:13.368  7877  9544 D EadLuxController: mAmbientLightRingBuffer.push(88385317, 1.0)
04-10 03:31:13.368  3027  3194 D PowerManagerService: displayReady: false groupId=0
04-10 03:31:13.368  7877  9544 D EadLuxController: mAmbientLightRingBuffer.toString() - [1.0 / 80ms, 1.0 / 160ms, 1.0 / 160ms, 1.0 / 160ms, 1.0 / 160ms, 1.0 / 160ms, 1.0 / 160ms, 1.0 / 160ms, 1.0 / 160ms, 1.0 / 160ms, 1.0 / 160ms, 1.0 / 160ms, 1.0 / 160ms, 1.0 / 160ms, 1.0 / 160ms, 1.0 / 160ms, 1.0 / 160ms, 1.0 / 160ms, 1.0 / 160ms, 1.0 / 160ms, 1.0 / 160ms, 1.0 / 160ms, 1.0 / 160ms, 1.0 / 160ms, 1.0 / 160ms, 1.0 / 160ms, 1.0 / 160ms, 1.0 / 160ms, 1.0 / 160ms, 1.0 / 160ms, 1.0 / 160ms, 1.0 / 160ms, 1.0 / 161ms, 1.0 / 160ms, 1.0 / 159ms, 1.0 / 160ms, 1.0 / 160ms, 1.0 / 160ms, 1.0 / 160ms, 1.0 / 160ms, 1.0 / 160ms, 1.0 / 160ms, 1.0 / 160ms, 1.0 / 160ms, 1.0 / 160ms, 1.0 / 160ms, 1.0 / 160ms, 1.0 / 160ms, 1.0 / 160ms, 1.0 / 160ms, 1.0 / 161ms, 1.0 / 159ms, 1.0 / 160ms, 1.0 / 160ms, 1.0 / 160ms, 1.0 / 160ms, 1.0 / 160ms, 1.0 / 160ms, 1.0 / 160ms, 1.0 / 161ms, 1.0 / 159ms, 1.0 / 161ms, 1.0 / 159ms, 1.0 / 0ms]
04-10 03:31:13.368  3027  3194 D DisplayPowerController[0]: animateScreenStateChange: target=ON, mIsEnabled=true
04-10 03:31:13.368  7877  9544 D EadLuxController: mAmbientLuxValid: true
04-10 03:31:13.368  7877  9544 D EadLuxController: calculateAmbientLux(88385317, 10000)
04-10 03:31:13.368  7877  9544 D EadLuxController: calculateAmbientLux(88385317, 10000)
04-10 03:31:13.369  7877  9544 D EadLuxController: calculateAmbientLux(88385317, 2000)
04-10 03:31:13.369  7877  9544 D EadLuxController: calculateAmbientLux(88385317, 2000)
04-10 03:31:13.369  7877  9544 D EadLuxController: slowAmbientLux: 1.0 fastAmbientLux: 1.0 mAmbientBrighteningThreshold: 10.0 mAmbientDarkeningThreshold: -1.0 nextBrightenTransition: 88387317 nextDarkenTransition: 88387317 time: 88385317
04-10 03:31:13.369  7877  9544 D EadLuxController: updateAmbientLux: Scheduling ambient lux update for 8838731788387317 (in 1999 ms)
04-10 03:31:13.369  3027  3194 D PowerManagerService: displayReady: true groupId=0
04-10 03:31:13.419  2252  2734 I CompositionEngine: [setDisplaySize] size=(680, 56)
04-10 03:31:13.492 11440 11463 D CompatChangeReporter: Compat change id reported: 288912692; UID 10124; state: ENABLED
04-10 03:31:13.520  2252  2734 I CompositionEngine: [setDisplaySize] size=(680, 56)
04-10 03:31:13.520  7895  7895 I SDHMS:LOAD: type: LoadsFreqs, value: 1:0:0:1099775:3072000:1017600:970751:2745600:556800:222:222:222
04-10 03:31:13.528  7877  9544 D EadLuxController: mAmbientLightRingBuffer.push(88385477, 1.0)
04-10 03:31:13.528  7877  9544 D EadLuxController: mAmbientLightRingBuffer.toString() - [1.0 / 80ms, 1.0 / 160ms, 1.0 / 160ms, 1.0 / 160ms, 1.0 / 160ms, 1.0 / 160ms, 1.0 / 160ms, 1.0 / 160ms, 1.0 / 160ms, 1.0 / 160ms, 1.0 / 160ms, 1.0 / 160ms, 1.0 / 160ms, 1.0 / 160ms, 1.0 / 160ms, 1.0 / 160ms, 1.0 / 160ms, 1.0 / 160ms, 1.0 / 160ms, 1.0 / 160ms, 1.0 / 160ms, 1.0 / 160ms, 1.0 / 160ms, 1.0 / 160ms, 1.0 / 160ms, 1.0 / 160ms, 1.0 / 160ms, 1.0 / 160ms, 1.0 / 160ms, 1.0 / 160ms, 1.0 / 160ms, 1.0 / 161ms, 1.0 / 160ms, 1.0 / 159ms, 1.0 / 160ms, 1.0 / 160ms, 1.0 / 160ms, 1.0 / 160ms, 1.0 / 160ms, 1.0 / 160ms, 1.0 / 160ms, 1.0 / 160ms, 1.0 / 160ms, 1.0 / 160ms, 1.0 / 160ms, 1.0 / 160ms, 1.0 / 160ms, 1.0 / 160ms, 1.0 / 160ms, 1.0 / 161ms, 1.0 / 159ms, 1.0 / 160ms, 1.0 / 160ms, 1.0 / 160ms, 1.0 / 160ms, 1.0 / 160ms, 1.0 / 160ms, 1.0 / 160ms, 1.0 / 161ms, 1.0 / 159ms, 1.0 / 161ms, 1.0 / 159ms, 1.0 / 160ms, 1.0 / 0ms]
04-10 03:31:13.528  7877  9544 D EadLuxController: mAmbientLuxValid: true
04-10 03:31:13.528  7877  9544 D EadLuxController: calculateAmbientLux(88385477, 10000)
04-10 03:31:13.529  7877  9544 D EadLuxController: calculateAmbientLux(88385477, 10000)
04-10 03:31:13.529  7877  9544 D EadLuxController: calculateAmbientLux(88385477, 2000)
04-10 03:31:13.529  7877  9544 D EadLuxController: calculateAmbientLux(88385477, 2000)
04-10 03:31:13.529  7877  9544 D EadLuxController: slowAmbientLux: 1.0 fastAmbientLux: 1.0 mAmbientBrighteningThreshold: 10.0 mAmbientDarkeningThreshold: -1.0 nextBrightenTransition: 88387477 nextDarkenTransition: 88387477 time: 88385477
04-10 03:31:13.529  7877  9544 D EadLuxController: updateAmbientLux: Scheduling ambient lux update for 8838747788387477 (in 1999 ms)
04-10 03:31:13.548  2123  4545 I WifiHAL : event received NL80211_CMD_VENDOR, vendor_id = 0x1374, subcmd = 0xb6
04-10 03:31:13.548  4550  4550 I wpa_supplicant: nl80211: Vendor event: wiphy=0 vendor_id=0x1374 subcmd=182
04-10 03:31:13.549  2802  4546 D LOWI-9.0.1.112.a: [LOWI-Scan] wait_event:Wait done with Cmd 103
04-10 03:31:13.549  2802  4546 D LOWI-9.0.1.112.a: [LOWI-Scan] do_listen_events: Rcvd valid Netlink Cmd 0 Err 0
04-10 03:31:13.549  2653  2653 I cnss-daemon: nl80211 response handler invoked
04-10 03:31:13.549  2653  2653 I cnss-daemon: nl80211_response_handler: cmd 103, vendorID 4980, subcmd 182  received
04-10 03:31:13.568  3027  3194 D PowerManagerService: displayReady: false groupId=0
04-10 03:31:13.569  3027  3194 D DisplayPowerController[0]: animateScreenStateChange: target=ON, mIsEnabled=true
04-10 03:31:13.569  3027  3194 D PowerManagerService: displayReady: true groupId=0
04-10 03:31:13.620  2252  2734 I CompositionEngine: [setDisplaySize] size=(680, 56)
04-10 03:31:13.654  2140  2494 I SDM     : DisplayBase::CommitThread: Received idle timeout, panel: cmd, timeout: 70000 us
04-10 03:31:13.688  7877  9544 D EadLuxController: mAmbientLightRingBuffer.push(88385637, 1.0)
04-10 03:31:13.689  7877  9544 D EadLuxController: mAmbientLightRingBuffer.toString() - [1.0 / 80ms, 1.0 / 160ms, 1.0 / 160ms, 1.0 / 160ms, 1.0 / 160ms, 1.0 / 160ms, 1.0 / 160ms, 1.0 / 160ms, 1.0 / 160ms, 1.0 / 160ms, 1.0 / 160ms, 1.0 / 160ms, 1.0 / 160ms, 1.0 / 160ms, 1.0 / 160ms, 1.0 / 160ms, 1.0 / 160ms, 1.0 / 160ms, 1.0 / 160ms, 1.0 / 160ms, 1.0 / 160ms, 1.0 / 160ms, 1.0 / 160ms, 1.0 / 160ms, 1.0 / 160ms, 1.0 / 160ms, 1.0 / 160ms, 1.0 / 160ms, 1.0 / 160ms, 1.0 / 160ms, 1.0 / 161ms, 1.0 / 160ms, 1.0 / 159ms, 1.0 / 160ms, 1.0 / 160ms, 1.0 / 160ms, 1.0 / 160ms, 1.0 / 160ms, 1.0 / 160ms, 1.0 / 160ms, 1.0 / 160ms, 1.0 / 160ms, 1.0 / 160ms, 1.0 / 160ms, 1.0 / 160ms, 1.0 / 160ms, 1.0 / 160ms, 1.0 / 160ms, 1.0 / 161ms, 1.0 / 159ms, 1.0 / 160ms, 1.0 / 160ms, 1.0 / 160ms, 1.0 / 160ms, 1.0 / 160ms, 1.0 / 160ms, 1.0 / 160ms, 1.0 / 161ms, 1.0 / 159ms, 1.0 / 161ms, 1.0 / 159ms, 1.0 / 160ms, 1.0 / 160ms, 1.0 / 1ms]
04-10 03:31:13.689  7877  9544 D EadLuxController: mAmbientLuxValid: true
04-10 03:31:13.689  7877  9544 D EadLuxController: calculateAmbientLux(88385637, 10000)
04-10 03:31:13.689  7877  9544 D EadLuxController: calculateAmbientLux(88385637, 10000)
04-10 03:31:13.689  7877  9544 D EadLuxController: calculateAmbientLux(88385637, 2000)
04-10 03:31:13.689  7877  9544 D EadLuxController: calculateAmbientLux(88385637, 2000)
04-10 03:31:13.689  7877  9544 D EadLuxController: slowAmbientLux: 1.0 fastAmbientLux: 1.0 mAmbientBrighteningThreshold: 10.0 mAmbientDarkeningThreshold: -1.0 nextBrightenTransition: 88387637 nextDarkenTransition: 88387637 time: 88385637
04-10 03:31:13.689  7877  9544 D EadLuxController: updateAmbientLux: Scheduling ambient lux update for 8838763788387637 (in 1999 ms)
04-10 03:31:13.769  3027  3194 D PowerManagerService: displayReady: false groupId=0
04-10 03:31:13.769  3027  3194 D DisplayPowerController[0]: animateScreenStateChange: target=ON, mIsEnabled=true
04-10 03:31:13.769  3027  3194 D PowerManagerService: displayReady: true groupId=0
04-10 03:31:13.823  2121  6998 I sensors-hal: handle_sns_client_event:379, [0][4700801] accel_sample [-2.021, -0.313,  9.703] 193239274624110
04-10 03:31:13.848  7877  9544 D EadLuxController: mAmbientLightRingBuffer.push(88385797, 1.0)
04-10 03:31:13.848  7877  9544 D EadLuxController: mAmbientLightRingBuffer.toString() - [1.0 / 80ms, 1.0 / 160ms, 1.0 / 160ms, 1.0 / 160ms, 1.0 / 160ms, 1.0 / 160ms, 1.0 / 160ms, 1.0 / 160ms, 1.0 / 160ms, 1.0 / 160ms, 1.0 / 160ms, 1.0 / 160ms, 1.0 / 160ms, 1.0 / 160ms, 1.0 / 160ms, 1.0 / 160ms, 1.0 / 160ms, 1.0 / 160ms, 1.0 / 160ms, 1.0 / 160ms, 1.0 / 160ms, 1.0 / 160ms, 1.0 / 160ms, 1.0 / 160ms, 1.0 / 160ms, 1.0 / 160ms, 1.0 / 160ms, 1.0 / 160ms, 1.0 / 160ms, 1.0 / 161ms, 1.0 / 160ms, 1.0 / 159ms, 1.0 / 160ms, 1.0 / 160ms, 1.0 / 160ms, 1.0 / 160ms, 1.0 / 160ms, 1.0 / 160ms, 1.0 / 160ms, 1.0 / 160ms, 1.0 / 160ms, 1.0 / 160ms, 1.0 / 160ms, 1.0 / 160ms, 1.0 / 160ms, 1.0 / 160ms, 1.0 / 160ms, 1.0 / 161ms, 1.0 / 159ms, 1.0 / 160ms, 1.0 / 160ms, 1.0 / 160ms, 1.0 / 160ms, 1.0 / 160ms, 1.0 / 160ms, 1.0 / 160ms, 1.0 / 161ms, 1.0 / 159ms, 1.0 / 161ms, 1.0 / 159ms, 1.0 / 160ms, 1.0 / 160ms, 1.0 / 160ms, 1.0 / 0ms]
04-10 03:31:13.848  7877  9544 D EadLuxController: mAmbientLuxValid: true
04-10 03:31:13.848  7877  9544 D EadLuxController: calculateAmbientLux(88385797, 10000)
04-10 03:31:13.848  7877  9544 D EadLuxController: calculateAmbientLux(88385797, 10000)
04-10 03:31:13.849  7877  9544 D EadLuxController: calculateAmbientLux(88385797, 2000)
04-10 03:31:13.849  7877  9544 D EadLuxController: calculateAmbientLux(88385797, 2000)
04-10 03:31:13.849  7877  9544 D EadLuxController: slowAmbientLux: 1.0 fastAmbientLux: 1.0 mAmbientBrighteningThreshold: 10.0 mAmbientDarkeningThreshold: -1.0 nextBrightenTransition: 88387797 nextDarkenTransition: 88387797 time: 88385797
04-10 03:31:13.849  7877  9544 D EadLuxController: updateAmbientLux: Scheduling ambient lux update for 8838779788387797 (in 1999 ms)
04-10 03:31:13.925  7702  7702 D SSS:AugmentedAutofillService: AugmentedAutofillService: onUnbind()
04-10 03:31:13.927  7702  7702 D SSS:AugmentedAutofillService: AugmentedAutofillService: onDestroy()
04-10 03:31:13.928  7702  7702 D SSS:AugmentedAutofillService: AugmentedAutofillService: onDisconnected()
04-10 03:31:13.970  3027  3194 D PowerManagerService: displayReady: false groupId=0
04-10 03:31:13.970  3027  3194 D DisplayPowerController[0]: animateScreenStateChange: target=ON, mIsEnabled=true
04-10 03:31:13.970  3027  3194 D PowerManagerService: displayReady: true groupId=0
04-10 03:31:14.008  7877  9544 D EadLuxController: mAmbientLightRingBuffer.push(88385957, 1.0)
04-10 03:31:14.008  7877  9544 D EadLuxController: mAmbientLightRingBuffer.toString() - [1.0 / 80ms, 1.0 / 160ms, 1.0 / 160ms, 1.0 / 160ms, 1.0 / 160ms, 1.0 / 160ms, 1.0 / 160ms, 1.0 / 160ms, 1.0 / 160ms, 1.0 / 160ms, 1.0 / 160ms, 1.0 / 160ms, 1.0 / 160ms, 1.0 / 160ms, 1.0 / 160ms, 1.0 / 160ms, 1.0 / 160ms, 1.0 / 160ms, 1.0 / 160ms, 1.0 / 160ms, 1.0 / 160ms, 1.0 / 160ms, 1.0 / 160ms, 1.0 / 160ms, 1.0 / 160ms, 1.0 / 160ms, 1.0 / 160ms, 1.0 / 160ms, 1.0 / 161ms, 1.0 / 160ms, 1.0 / 159ms, 1.0 / 160ms, 1.0 / 160ms, 1.0 / 160ms, 1.0 / 160ms, 1.0 / 160ms, 1.0 / 160ms, 1.0 / 160ms, 1.0 / 160ms, 1.0 / 160ms, 1.0 / 160ms, 1.0 / 160ms, 1.0 / 160ms, 1.0 / 160ms, 1.0 / 160ms, 1.0 / 160ms, 1.0 / 161ms, 1.0 / 159ms, 1.0 / 160ms, 1.0 / 160ms, 1.0 / 160ms, 1.0 / 160ms, 1.0 / 160ms, 1.0 / 160ms, 1.0 / 160ms, 1.0 / 161ms, 1.0 / 159ms, 1.0 / 161ms, 1.0 / 159ms, 1.0 / 160ms, 1.0 / 160ms, 1.0 / 160ms, 1.0 / 160ms, 1.0 / 0ms]
04-10 03:31:14.009  7877  9544 D EadLuxController: mAmbientLuxValid: true
04-10 03:31:14.009  7877  9544 D EadLuxController: calculateAmbientLux(88385957, 10000)
04-10 03:31:14.009  7877  9544 D EadLuxController: calculateAmbientLux(88385957, 10000)
04-10 03:31:14.009  7877  9544 D EadLuxController: calculateAmbientLux(88385957, 2000)
04-10 03:31:14.009  7877  9544 D EadLuxController: calculateAmbientLux(88385957, 2000)
04-10 03:31:14.009  7877  9544 D EadLuxController: slowAmbientLux: 1.0 fastAmbientLux: 1.0 mAmbientBrighteningThreshold: 10.0 mAmbientDarkeningThreshold: -1.0 nextBrightenTransition: 88387957 nextDarkenTransition: 88387957 time: 88385957
04-10 03:31:14.009  7877  9544 D EadLuxController: updateAmbientLux: Scheduling ambient lux update for 8838795788387957 (in 1999 ms)
04-10 03:31:14.029 10309 10420 V SOH_SERVICE: Battery 0 : BattData { voltage:4.076, current:0.359375, soc:0.74, temperature:35.9, status:2, timestamp:1775809874028}
04-10 03:31:14.081  2186  2274 E HeatmapThread: ECT Thread time in milliseconds: 1775809874
04-10 03:31:14.084  2186  2274 D HeatmapThread: !@ batteryplugType : 2
04-10 03:31:14.084  2186  2274 D HeatmapThread: !@ batteryLevel : 74  batteryTemperature : 359 
04-10 03:31:14.084  2186  2274 D HeatmapThread: !@ Heatmap currtime: 29596831
04-10 03:31:14.084  2186  2274 D HeatmapThread: !@ Heatmap prevtime: 29596804
04-10 03:31:14.084  2186  2274 D HeatmapThread: !@ Heatmap plugstarttime: 29596824
04-10 03:31:14.084  2186  2274 D HeatmapThread: !@ Heatmap prevv_dsoh_update_time: 29596399
04-10 03:31:14.084  2186  2274 E HeatmapThread: !@ CAM New BSOH: 100
04-10 03:31:14.146  2154  3078 I thermal_core: pivot(AP) : 408, skin : 377
04-10 03:31:14.168  7877  9544 D EadLuxController: mAmbientLightRingBuffer.push(88386117, 1.0)
04-10 03:31:14.168  7877  9544 D EadLuxController: mAmbientLightRingBuffer.toString() - [1.0 / 80ms, 1.0 / 160ms, 1.0 / 160ms, 1.0 / 160ms, 1.0 / 160ms, 1.0 / 160ms, 1.0 / 160ms, 1.0 / 160ms, 1.0 / 160ms, 1.0 / 160ms, 1.0 / 160ms, 1.0 / 160ms, 1.0 / 160ms, 1.0 / 160ms, 1.0 / 160ms, 1.0 / 160ms, 1.0 / 160ms, 1.0 / 160ms, 1.0 / 160ms, 1.0 / 160ms, 1.0 / 160ms, 1.0 / 160ms, 1.0 / 160ms, 1.0 / 160ms, 1.0 / 160ms, 1.0 / 160ms, 1.0 / 160ms, 1.0 / 161ms, 1.0 / 160ms, 1.0 / 159ms, 1.0 / 160ms, 1.0 / 160ms, 1.0 / 160ms, 1.0 / 160ms, 1.0 / 160ms, 1.0 / 160ms, 1.0 / 160ms, 1.0 / 160ms, 1.0 / 160ms, 1.0 / 160ms, 1.0 / 160ms, 1.0 / 160ms, 1.0 / 160ms, 1.0 / 160ms, 1.0 / 160ms, 1.0 / 161ms, 1.0 / 159ms, 1.0 / 160ms, 1.0 / 160ms, 1.0 / 160ms, 1.0 / 160ms, 1.0 / 160ms, 1.0 / 160ms, 1.0 / 160ms, 1.0 / 161ms, 1.0 / 159ms, 1.0 / 161ms, 1.0 / 159ms, 1.0 / 160ms, 1.0 / 160ms, 1.0 / 160ms, 1.0 / 160ms, 1.0 / 160ms, 1.0 / 0ms]
04-10 03:31:14.168  7877  9544 D EadLuxController: mAmbientLuxValid: true
04-10 03:31:14.168  7877  9544 D EadLuxController: calculateAmbientLux(88386117, 10000)
04-10 03:31:14.168  7877  9544 D EadLuxController: calculateAmbientLux(88386117, 10000)
04-10 03:31:14.168  7877  9544 D EadLuxController: calculateAmbientLux(88386117, 2000)
04-10 03:31:14.168  7877  9544 D EadLuxController: calculateAmbientLux(88386117, 2000)
04-10 03:31:14.168  7877  9544 D EadLuxController: slowAmbientLux: 1.0 fastAmbientLux: 1.0 mAmbientBrighteningThreshold: 10.0 mAmbientDarkeningThreshold: -1.0 nextBrightenTransition: 88388117 nextDarkenTransition: 88388117 time: 88386117
04-10 03:31:14.168  7877  9544 D EadLuxController: updateAmbientLux: Scheduling ambient lux update for 8838811788388117 (in 2000 ms)
04-10 03:31:14.171  3027  3194 D PowerManagerService: displayReady: false groupId=0
04-10 03:31:14.171  3027  3194 D DisplayPowerController[0]: animateScreenStateChange: target=ON, mIsEnabled=true
04-10 03:31:14.171  3027  3194 D PowerManagerService: displayReady: true groupId=0
04-10 03:31:14.175  2124  2145 D AHAL_ModulePrimary_QTI: getVendorParameters: id count: 1
04-10 03:31:14.175  2124  2145 I PAL: ResourceManager: getActiveStream_l: 6569: no active streams found for device 3 ret -2
04-10 03:31:14.175  2124  2145 D AHAL_SecModulePrimary: onGetSECGenericParameters get temperature for g_hw_speaker_amp_temp_rcv: 0
04-10 03:31:14.176  2154  3078 D vendor.samsung.hardware.thermal-service: key: g_hw_speaker_amp_temp_rcv, value: 0
04-10 03:31:14.176  2124  2146 D AHAL_ModulePrimary_QTI: getVendorParameters: id count: 1
04-10 03:31:14.176  2124  2146 I PAL: ResourceManager: getActiveStream_l: 6569: no active streams found for device 3 ret -2
04-10 03:31:14.176  2124  2146 D AHAL_SecModulePrimary: onGetSECGenericParameters get temperature for g_hw_speaker_amp_temp_spk: 0
04-10 03:31:14.176  2154  3078 D vendor.samsung.hardware.thermal-service: key: g_hw_speaker_amp_temp_spk, value: 0
04-10 03:31:14.176  2154  3078 D vendor.samsung.hardware.thermal-service: 373 > 450 = 0
04-10 03:31:14.176  2154  3078 D vendor.samsung.hardware.thermal-service: 1 & 0 = 0
04-10 03:31:14.177  2154  3078 D vendor.samsung.hardware.thermal-service: 249 > 250 = 0
04-10 03:31:14.177  2154  3078 D vendor.samsung.hardware.thermal-service: 0 & 0 = 0
04-10 03:31:14.177  2154  3078 D vendor.samsung.hardware.thermal-service:  - HIGH -> 0
04-10 03:31:14.178  7895  8475 I SDHMS:x : SIOP:: AP:408 BAT:359 USB:321 CHG:414 PA:414 WIFI:406 CF:392 BLK:0 SUBBAT:0 LRPTHM:378 SKIN:373 SKINF:365 SKINB:373 LRP:373 LRF:365 LRB:373 APT:365 APR:373 RCV:367 SPK:315 CHGF:359 CHGR:369 MEMF:363 MEMR:373 WIFIF:363 WIFIR:371 FCAM:321 UPSPK:373 DNSPK:320 VAP:431 VWIFI:406 AMB2:249 HIGH:0 AVGCUR:159 AVGSYS:473 POWER:643
04-10 03:31:14.178  7895  8475 I AudioManager: setParameters keyValuePairs = g_hw_speaker_amp_temp_spk=32
04-10 03:31:14.179  2182 20489 D AudioFlinger: setParameters: filtered dev setParameters keyvalue g_hw_speaker_amp_temp_spk=32
04-10 03:31:14.180  2124  2146 D AHAL_HFP_QTI: hfp_set_parameters enter
04-10 03:31:14.180  2124  2146 D AHAL_HFP_QTI: hfp_set_parameters Exit
04-10 03:31:14.180  2124  2146 D AHAL_SecModulePrimary: processSetVendorParameters: configured g_hw_speaker_amp_temp_spk
04-10 03:31:14.180  2124  2146 D AHAL_SecModulePrimary: processSetVendorParameters: handler set on Feature:0
04-10 03:31:14.180  2124  2146 D AHAL_SecModulePrimary: onSetSECGenericParameters set temperature for g_hw_speaker_amp_temp_spk: 32
04-10 03:31:14.180  2124  2146 I PAL: API: pal_set_param: 1377: Enter: param id 3002
04-10 03:31:14.180  2124  2146 I PAL: ResourceManager: getActiveStream_l: 6569: no active streams found for device 3 ret -2
04-10 03:31:14.180  2182 20489 E ConversionHelperAidl: Function: parseAndSetVendorParameters Line: 94 Failed 
04-10 03:31:14.180  2182 20489 E ConversionHelperAidl: Function: parseAndSetVendorParameters Line: 94 Failed 
04-10 03:31:14.181  7895  8475 I AudioManager: setParameters keyValuePairs = g_hw_speaker_amp_temp_rcv=37
04-10 03:31:14.181  2182 20489 D AudioFlinger: setParameters: filtered dev setParameters keyvalue g_hw_speaker_amp_temp_rcv=37
04-10 03:31:14.181  2124  2146 D AHAL_HFP_QTI: hfp_set_parameters enter
04-10 03:31:14.181  2124  2146 D AHAL_HFP_QTI: hfp_set_parameters Exit
04-10 03:31:14.181  2124  2146 D AHAL_SecModulePrimary: processSetVendorParameters: configured g_hw_speaker_amp_temp_rcv
04-10 03:31:14.181  2124  2146 D AHAL_SecModulePrimary: processSetVendorParameters: handler set on Feature:0
04-10 03:31:14.181  2124  2146 D AHAL_SecModulePrimary: onSetSECGenericParameters set temperature for g_hw_speaker_amp_temp_rcv: 37
04-10 03:31:14.181  2124  2146 I PAL: API: pal_set_param: 1377: Enter: param id 3001
04-10 03:31:14.182  2124  2146 I PAL: ResourceManager: getActiveStream_l: 6569: no active streams found for device 3 ret -2
04-10 03:31:14.182  2182 20489 E ConversionHelperAidl: Function: parseAndSetVendorParameters Line: 94 Failed 
04-10 03:31:14.182  2182 20489 E ConversionHelperAidl: Function: parseAndSetVendorParameters Line: 94 Failed 
04-10 03:31:14.183  7895  8075 I M0      : limitCPUFreq:: freq = 3513600
04-10 03:31:14.183  7895  8075 I SemDvfsHyPerManager: acquire hyper - SIOP_ARM_MAX/7895@3, type = 301993986
04-10 03:31:14.184  2128  2276 I HYPER-HAL: [RequestManager.cpp]acquire(): Acquired ID : 31193154  [7895 / 3]    HINT :      list : [CPUMaxFreq / 3513600] 
